<!doctype html public "-//w3c//dtd html 4.0 transitional//en">
<html><head>
<title>Static Call Graph - [.\UDRS_EJP_Master(V1_00)\Master(V1_00).axf]</title></head>
<body><HR>
<H1>Static Call Graph for image .\UDRS_EJP_Master(V1_00)\Master(V1_00).axf</H1><HR>
<BR><P>#&#060CALLGRAPH&#062# ARM Linker, 5060528: Last Updated: Fri Mar 01 17:05:53 2019
<BR><P>
<H3>Maximum Stack Usage =        304 bytes + Unknown(Cycles, Untraceable Function Pointers)</H3><H3>
Call chain for Maximum Stack Depth:</H3>
main &rArr; MX_ADC3_Init &rArr; HAL_ADC_Init &rArr; HAL_ADC_MspInit &rArr; HAL_GPIO_Init
<P>
<H3>
Mutually Recursive functions
</H3> <LI><a href="#[10]">NMI_Handler</a>&nbsp;&nbsp;&nbsp;&rArr;&nbsp;&nbsp;&nbsp;<a href="#[10]">NMI_Handler</a><BR>
 <LI><a href="#[11]">HardFault_Handler</a>&nbsp;&nbsp;&nbsp;&rArr;&nbsp;&nbsp;&nbsp;<a href="#[11]">HardFault_Handler</a><BR>
 <LI><a href="#[12]">MemManage_Handler</a>&nbsp;&nbsp;&nbsp;&rArr;&nbsp;&nbsp;&nbsp;<a href="#[12]">MemManage_Handler</a><BR>
 <LI><a href="#[13]">BusFault_Handler</a>&nbsp;&nbsp;&nbsp;&rArr;&nbsp;&nbsp;&nbsp;<a href="#[13]">BusFault_Handler</a><BR>
 <LI><a href="#[14]">UsageFault_Handler</a>&nbsp;&nbsp;&nbsp;&rArr;&nbsp;&nbsp;&nbsp;<a href="#[14]">UsageFault_Handler</a><BR>
 <LI><a href="#[15]">SVC_Handler</a>&nbsp;&nbsp;&nbsp;&rArr;&nbsp;&nbsp;&nbsp;<a href="#[15]">SVC_Handler</a><BR>
 <LI><a href="#[16]">DebugMon_Handler</a>&nbsp;&nbsp;&nbsp;&rArr;&nbsp;&nbsp;&nbsp;<a href="#[16]">DebugMon_Handler</a><BR>
 <LI><a href="#[17]">PendSV_Handler</a>&nbsp;&nbsp;&nbsp;&rArr;&nbsp;&nbsp;&nbsp;<a href="#[17]">PendSV_Handler</a><BR>
 <LI><a href="#[2b]">ADC1_2_IRQHandler</a>&nbsp;&nbsp;&nbsp;&rArr;&nbsp;&nbsp;&nbsp;<a href="#[2b]">ADC1_2_IRQHandler</a><BR>
 <LI><a href="#[8]">SelectTopMenuOnUart</a>&nbsp;&nbsp;&nbsp;&rArr;&nbsp;&nbsp;&nbsp;<a href="#[8]">SelectTopMenuOnUart</a><BR>
 <LI><a href="#[dd]">PrereadColourSensorData</a>&nbsp;&nbsp;&nbsp;&rArr;&nbsp;&nbsp;&nbsp;<a href="#[7]">AutoCalibrateSensorGains</a><BR>
 <LI><a href="#[e1]">ReceiveUartCalculationValue</a>&nbsp;&nbsp;&nbsp;&rArr;&nbsp;&nbsp;&nbsp;<a href="#[e1]">ReceiveUartCalculationValue</a><BR>
 <LI><a href="#[4]">SetBlueGain</a>&nbsp;&nbsp;&nbsp;&rArr;&nbsp;&nbsp;&nbsp;<a href="#[4]">SetBlueGain</a><BR>
 <LI><a href="#[1]">SetCapacitorAmount</a>&nbsp;&nbsp;&nbsp;&rArr;&nbsp;&nbsp;&nbsp;<a href="#[1]">SetCapacitorAmount</a><BR>
 <LI><a href="#[5]">SetClearGain</a>&nbsp;&nbsp;&nbsp;&rArr;&nbsp;&nbsp;&nbsp;<a href="#[5]">SetClearGain</a><BR>
 <LI><a href="#[b]">SetTime</a>&nbsp;&nbsp;&nbsp;&rArr;&nbsp;&nbsp;&nbsp;<a href="#[b]">SetTime</a><BR>
 <LI><a href="#[a]">SetDate</a>&nbsp;&nbsp;&nbsp;&rArr;&nbsp;&nbsp;&nbsp;<a href="#[a]">SetDate</a><BR>
 <LI><a href="#[3]">SetGreenGain</a>&nbsp;&nbsp;&nbsp;&rArr;&nbsp;&nbsp;&nbsp;<a href="#[3]">SetGreenGain</a><BR>
 <LI><a href="#[2]">SetRedGain</a>&nbsp;&nbsp;&nbsp;&rArr;&nbsp;&nbsp;&nbsp;<a href="#[2]">SetRedGain</a><BR>
</UL>
<P>
<H3>
Function Pointers
</H3><UL>
 <LI><a href="#[2b]">ADC1_2_IRQHandler</a> from startup_stm32f303xe.o(.text) referenced from startup_stm32f303xe.o(RESET)
 <LI><a href="#[48]">ADC3_IRQHandler</a> from startup_stm32f303xe.o(.text) referenced from startup_stm32f303xe.o(RESET)
 <LI><a href="#[54]">ADC4_IRQHandler</a> from startup_stm32f303xe.o(.text) referenced from startup_stm32f303xe.o(RESET)
 <LI><a href="#[67]">APP_ColourDetect</a> from main.o(i.APP_ColourDetect) referenced from main.o(.constdata)
 <LI><a href="#[7]">AutoCalibrateSensorGains</a> from appcolourdetect.o(i.AutoCalibrateSensorGains) referenced 2 times from appcolourdetect.o(.data)
 <LI><a href="#[13]">BusFault_Handler</a> from startup_stm32f303xe.o(.text) referenced from startup_stm32f303xe.o(RESET)
 <LI><a href="#[2e]">CAN_RX1_IRQHandler</a> from startup_stm32f303xe.o(.text) referenced from startup_stm32f303xe.o(RESET)
 <LI><a href="#[2f]">CAN_SCE_IRQHandler</a> from startup_stm32f303xe.o(.text) referenced from startup_stm32f303xe.o(RESET)
 <LI><a href="#[55]">COMP1_2_3_IRQHandler</a> from startup_stm32f303xe.o(.text) referenced from startup_stm32f303xe.o(RESET)
 <LI><a href="#[56]">COMP4_5_6_IRQHandler</a> from startup_stm32f303xe.o(.text) referenced from startup_stm32f303xe.o(RESET)
 <LI><a href="#[57]">COMP7_IRQHandler</a> from startup_stm32f303xe.o(.text) referenced from startup_stm32f303xe.o(RESET)
 <LI><a href="#[24]">DMA1_Channel1_IRQHandler</a> from startup_stm32f303xe.o(.text) referenced from startup_stm32f303xe.o(RESET)
 <LI><a href="#[25]">DMA1_Channel2_IRQHandler</a> from startup_stm32f303xe.o(.text) referenced from startup_stm32f303xe.o(RESET)
 <LI><a href="#[26]">DMA1_Channel3_IRQHandler</a> from startup_stm32f303xe.o(.text) referenced from startup_stm32f303xe.o(RESET)
 <LI><a href="#[27]">DMA1_Channel4_IRQHandler</a> from startup_stm32f303xe.o(.text) referenced from startup_stm32f303xe.o(RESET)
 <LI><a href="#[28]">DMA1_Channel5_IRQHandler</a> from startup_stm32f303xe.o(.text) referenced from startup_stm32f303xe.o(RESET)
 <LI><a href="#[29]">DMA1_Channel6_IRQHandler</a> from startup_stm32f303xe.o(.text) referenced from startup_stm32f303xe.o(RESET)
 <LI><a href="#[2a]">DMA1_Channel7_IRQHandler</a> from startup_stm32f303xe.o(.text) referenced from startup_stm32f303xe.o(RESET)
 <LI><a href="#[4f]">DMA2_Channel1_IRQHandler</a> from startup_stm32f303xe.o(.text) referenced from startup_stm32f303xe.o(RESET)
 <LI><a href="#[50]">DMA2_Channel2_IRQHandler</a> from startup_stm32f303xe.o(.text) referenced from startup_stm32f303xe.o(RESET)
 <LI><a href="#[51]">DMA2_Channel3_IRQHandler</a> from startup_stm32f303xe.o(.text) referenced from startup_stm32f303xe.o(RESET)
 <LI><a href="#[52]">DMA2_Channel4_IRQHandler</a> from startup_stm32f303xe.o(.text) referenced from startup_stm32f303xe.o(RESET)
 <LI><a href="#[53]">DMA2_Channel5_IRQHandler</a> from startup_stm32f303xe.o(.text) referenced from startup_stm32f303xe.o(RESET)
 <LI><a href="#[16]">DebugMon_Handler</a> from startup_stm32f303xe.o(.text) referenced from startup_stm32f303xe.o(RESET)
 <LI><a href="#[1f]">EXTI0_IRQHandler</a> from startup_stm32f303xe.o(.text) referenced from startup_stm32f303xe.o(RESET)
 <LI><a href="#[41]">EXTI15_10_IRQHandler</a> from startup_stm32f303xe.o(.text) referenced from startup_stm32f303xe.o(RESET)
 <LI><a href="#[20]">EXTI1_IRQHandler</a> from startup_stm32f303xe.o(.text) referenced from startup_stm32f303xe.o(RESET)
 <LI><a href="#[21]">EXTI2_TSC_IRQHandler</a> from startup_stm32f303xe.o(.text) referenced from startup_stm32f303xe.o(RESET)
 <LI><a href="#[22]">EXTI3_IRQHandler</a> from startup_stm32f303xe.o(.text) referenced from startup_stm32f303xe.o(RESET)
 <LI><a href="#[23]">EXTI4_IRQHandler</a> from startup_stm32f303xe.o(.text) referenced from startup_stm32f303xe.o(RESET)
 <LI><a href="#[30]">EXTI9_5_IRQHandler</a> from startup_stm32f303xe.o(.text) referenced from startup_stm32f303xe.o(RESET)
 <LI><a href="#[1d]">FLASH_IRQHandler</a> from startup_stm32f303xe.o(.text) referenced from startup_stm32f303xe.o(RESET)
 <LI><a href="#[49]">FMC_IRQHandler</a> from startup_stm32f303xe.o(.text) referenced from startup_stm32f303xe.o(RESET)
 <LI><a href="#[61]">FPU_IRQHandler</a> from startup_stm32f303xe.o(.text) referenced from startup_stm32f303xe.o(RESET)
 <LI><a href="#[11]">HardFault_Handler</a> from startup_stm32f303xe.o(.text) referenced from startup_stm32f303xe.o(RESET)
 <LI><a href="#[39]">I2C1_ER_IRQHandler</a> from startup_stm32f303xe.o(.text) referenced from startup_stm32f303xe.o(RESET)
 <LI><a href="#[38]">I2C1_EV_IRQHandler</a> from startup_stm32f303xe.o(.text) referenced from startup_stm32f303xe.o(RESET)
 <LI><a href="#[3b]">I2C2_ER_IRQHandler</a> from startup_stm32f303xe.o(.text) referenced from startup_stm32f303xe.o(RESET)
 <LI><a href="#[3a]">I2C2_EV_IRQHandler</a> from startup_stm32f303xe.o(.text) referenced from startup_stm32f303xe.o(RESET)
 <LI><a href="#[59]">I2C3_ER_IRQHandler</a> from startup_stm32f303xe.o(.text) referenced from startup_stm32f303xe.o(RESET)
 <LI><a href="#[58]">I2C3_EV_IRQHandler</a> from startup_stm32f303xe.o(.text) referenced from startup_stm32f303xe.o(RESET)
 <LI><a href="#[12]">MemManage_Handler</a> from startup_stm32f303xe.o(.text) referenced from startup_stm32f303xe.o(RESET)
 <LI><a href="#[10]">NMI_Handler</a> from startup_stm32f303xe.o(.text) referenced from startup_stm32f303xe.o(RESET)
 <LI><a href="#[1a]">PVD_IRQHandler</a> from startup_stm32f303xe.o(.text) referenced from startup_stm32f303xe.o(RESET)
 <LI><a href="#[17]">PendSV_Handler</a> from startup_stm32f303xe.o(.text) referenced from startup_stm32f303xe.o(RESET)
 <LI><a href="#[1e]">RCC_IRQHandler</a> from startup_stm32f303xe.o(.text) referenced from startup_stm32f303xe.o(RESET)
 <LI><a href="#[42]">RTC_Alarm_IRQHandler</a> from startup_stm32f303xe.o(.text) referenced from startup_stm32f303xe.o(RESET)
 <LI><a href="#[1c]">RTC_WKUP_IRQHandler</a> from startup_stm32f303xe.o(.text) referenced from startup_stm32f303xe.o(RESET)
 <LI><a href="#[f]">Reset_Handler</a> from startup_stm32f303xe.o(.text) referenced from startup_stm32f303xe.o(RESET)
 <LI><a href="#[3c]">SPI1_IRQHandler</a> from startup_stm32f303xe.o(.text) referenced from startup_stm32f303xe.o(RESET)
 <LI><a href="#[3d]">SPI2_IRQHandler</a> from startup_stm32f303xe.o(.text) referenced from startup_stm32f303xe.o(RESET)
 <LI><a href="#[4a]">SPI3_IRQHandler</a> from startup_stm32f303xe.o(.text) referenced from startup_stm32f303xe.o(RESET)
 <LI><a href="#[62]">SPI4_IRQHandler</a> from startup_stm32f303xe.o(.text) referenced from startup_stm32f303xe.o(RESET)
 <LI><a href="#[15]">SVC_Handler</a> from startup_stm32f303xe.o(.text) referenced from startup_stm32f303xe.o(RESET)
 <LI><a href="#[e]">SelectColourSensorMenuOnUart</a> from appcolourdetect.o(i.SelectColourSensorMenuOnUart) referenced 2 times from uart2.o(.data)
 <LI><a href="#[c]">SelectForceSensorMenuOnUart</a> from uart2.o(i.SelectForceSensorMenuOnUart) referenced 2 times from uart2.o(.data)
 <LI><a href="#[d]">SelectPressureSensorMenuOnUart</a> from uart2.o(i.SelectPressureSensorMenuOnUart) referenced 2 times from uart2.o(.data)
 <LI><a href="#[8]">SelectTopMenuOnUart</a> from uart2.o(i.SelectTopMenuOnUart) referenced 4 times from appcolourdetect.o(.data)
 <LI><a href="#[4]">SetBlueGain</a> from appcolourdetect.o(i.SetBlueGain) referenced 2 times from appcolourdetect.o(.data)
 <LI><a href="#[1]">SetCapacitorAmount</a> from appcolourdetect.o(i.SetCapacitorAmount) referenced 2 times from appcolourdetect.o(.data)
 <LI><a href="#[5]">SetClearGain</a> from appcolourdetect.o(i.SetClearGain) referenced 2 times from appcolourdetect.o(.data)
 <LI><a href="#[a]">SetDate</a> from uart2.o(i.SetDate) referenced 2 times from uart2.o(.data)
 <LI><a href="#[6]">SetDefaultGain</a> from appcolourdetect.o(i.SetDefaultGain) referenced 2 times from appcolourdetect.o(.data)
 <LI><a href="#[9]">SetExit</a> from uart2.o(i.SetExit) referenced 4 times from appcolourdetect.o(.data)
 <LI><a href="#[3]">SetGreenGain</a> from appcolourdetect.o(i.SetGreenGain) referenced 2 times from appcolourdetect.o(.data)
 <LI><a href="#[2]">SetRedGain</a> from appcolourdetect.o(i.SetRedGain) referenced 2 times from appcolourdetect.o(.data)
 <LI><a href="#[b]">SetTime</a> from uart2.o(i.SetTime) referenced 2 times from uart2.o(.data)
 <LI><a href="#[0]">StartColourDetectionTest</a> from appcolourdetect.o(i.StartColourDetectionTest) referenced 2 times from appcolourdetect.o(.data)
 <LI><a href="#[18]">SysTick_Handler</a> from stm32f3xx_it.o(i.SysTick_Handler) referenced from startup_stm32f303xe.o(RESET)
 <LI><a href="#[64]">SystemInit</a> from system_stm32f3xx.o(i.SystemInit) referenced from startup_stm32f303xe.o(.text)
 <LI><a href="#[1b]">TAMP_STAMP_IRQHandler</a> from startup_stm32f303xe.o(.text) referenced from startup_stm32f303xe.o(RESET)
 <LI><a href="#[31]">TIM1_BRK_TIM15_IRQHandler</a> from startup_stm32f303xe.o(.text) referenced from startup_stm32f303xe.o(RESET)
 <LI><a href="#[34]">TIM1_CC_IRQHandler</a> from startup_stm32f303xe.o(.text) referenced from startup_stm32f303xe.o(RESET)
 <LI><a href="#[33]">TIM1_TRG_COM_TIM17_IRQHandler</a> from startup_stm32f303xe.o(.text) referenced from startup_stm32f303xe.o(RESET)
 <LI><a href="#[32]">TIM1_UP_TIM16_IRQHandler</a> from startup_stm32f303xe.o(.text) referenced from startup_stm32f303xe.o(RESET)
 <LI><a href="#[5d]">TIM20_BRK_IRQHandler</a> from startup_stm32f303xe.o(.text) referenced from startup_stm32f303xe.o(RESET)
 <LI><a href="#[60]">TIM20_CC_IRQHandler</a> from startup_stm32f303xe.o(.text) referenced from startup_stm32f303xe.o(RESET)
 <LI><a href="#[5f]">TIM20_TRG_COM_IRQHandler</a> from startup_stm32f303xe.o(.text) referenced from startup_stm32f303xe.o(RESET)
 <LI><a href="#[5e]">TIM20_UP_IRQHandler</a> from startup_stm32f303xe.o(.text) referenced from startup_stm32f303xe.o(RESET)
 <LI><a href="#[35]">TIM2_IRQHandler</a> from startup_stm32f303xe.o(.text) referenced from startup_stm32f303xe.o(RESET)
 <LI><a href="#[36]">TIM3_IRQHandler</a> from startup_stm32f303xe.o(.text) referenced from startup_stm32f303xe.o(RESET)
 <LI><a href="#[37]">TIM4_IRQHandler</a> from startup_stm32f303xe.o(.text) referenced from startup_stm32f303xe.o(RESET)
 <LI><a href="#[4d]">TIM6_DAC_IRQHandler</a> from startup_stm32f303xe.o(.text) referenced from startup_stm32f303xe.o(RESET)
 <LI><a href="#[4e]">TIM7_IRQHandler</a> from startup_stm32f303xe.o(.text) referenced from startup_stm32f303xe.o(RESET)
 <LI><a href="#[44]">TIM8_BRK_IRQHandler</a> from startup_stm32f303xe.o(.text) referenced from startup_stm32f303xe.o(RESET)
 <LI><a href="#[47]">TIM8_CC_IRQHandler</a> from startup_stm32f303xe.o(.text) referenced from startup_stm32f303xe.o(RESET)
 <LI><a href="#[46]">TIM8_TRG_COM_IRQHandler</a> from startup_stm32f303xe.o(.text) referenced from startup_stm32f303xe.o(RESET)
 <LI><a href="#[45]">TIM8_UP_IRQHandler</a> from startup_stm32f303xe.o(.text) referenced from startup_stm32f303xe.o(RESET)
 <LI><a href="#[4b]">UART4_IRQHandler</a> from startup_stm32f303xe.o(.text) referenced from startup_stm32f303xe.o(RESET)
 <LI><a href="#[4c]">UART5_IRQHandler</a> from startup_stm32f303xe.o(.text) referenced from startup_stm32f303xe.o(RESET)
 <LI><a href="#[3e]">USART1_IRQHandler</a> from startup_stm32f303xe.o(.text) referenced from startup_stm32f303xe.o(RESET)
 <LI><a href="#[3f]">USART2_IRQHandler</a> from startup_stm32f303xe.o(.text) referenced from startup_stm32f303xe.o(RESET)
 <LI><a href="#[40]">USART3_IRQHandler</a> from startup_stm32f303xe.o(.text) referenced from startup_stm32f303xe.o(RESET)
 <LI><a href="#[43]">USBWakeUp_IRQHandler</a> from startup_stm32f303xe.o(.text) referenced from startup_stm32f303xe.o(RESET)
 <LI><a href="#[5c]">USBWakeUp_RMP_IRQHandler</a> from startup_stm32f303xe.o(.text) referenced from startup_stm32f303xe.o(RESET)
 <LI><a href="#[2c]">USB_HP_CAN_TX_IRQHandler</a> from startup_stm32f303xe.o(.text) referenced from startup_stm32f303xe.o(RESET)
 <LI><a href="#[5a]">USB_HP_IRQHandler</a> from startup_stm32f303xe.o(.text) referenced from startup_stm32f303xe.o(RESET)
 <LI><a href="#[2d]">USB_LP_CAN_RX0_IRQHandler</a> from startup_stm32f303xe.o(.text) referenced from startup_stm32f303xe.o(RESET)
 <LI><a href="#[5b]">USB_LP_IRQHandler</a> from startup_stm32f303xe.o(.text) referenced from startup_stm32f303xe.o(RESET)
 <LI><a href="#[14]">UsageFault_Handler</a> from startup_stm32f303xe.o(.text) referenced from startup_stm32f303xe.o(RESET)
 <LI><a href="#[19]">WWDG_IRQHandler</a> from startup_stm32f303xe.o(.text) referenced from startup_stm32f303xe.o(RESET)
 <LI><a href="#[65]">__main</a> from entry.o(.ARM.Collect$$$$00000000) referenced from startup_stm32f303xe.o(.text)
 <LI><a href="#[66]">_snputc</a> from printfa.o(i._snputc) referenced from printfa.o(i.__0snprintf)
 <LI><a href="#[63]">main</a> from main.o(i.main) referenced from entry9a.o(.ARM.Collect$$$$0000000B)
</UL>
<P>
<H3>
Global Symbols
</H3>
<P><STRONG><a name="[65]"></a>__main</STRONG> (Thumb, 0 bytes, Stack size unknown bytes, entry.o(.ARM.Collect$$$$00000000))
<BR>[Address Reference Count : 1]<UL><LI> startup_stm32f303xe.o(.text)
</UL>
<P><STRONG><a name="[f4]"></a>_main_stk</STRONG> (Thumb, 0 bytes, Stack size unknown bytes, entry2.o(.ARM.Collect$$$$00000001))

<P><STRONG><a name="[68]"></a>_main_scatterload</STRONG> (Thumb, 0 bytes, Stack size unknown bytes, entry5.o(.ARM.Collect$$$$00000004))
<BR><BR>[Calls]<UL><LI><a href="#[69]">&gt;&gt;</a>&nbsp;&nbsp;&nbsp;__scatterload
</UL>

<P><STRONG><a name="[79]"></a>__main_after_scatterload</STRONG> (Thumb, 0 bytes, Stack size unknown bytes, entry5.o(.ARM.Collect$$$$00000004))
<BR><BR>[Called By]<UL><LI><a href="#[69]">&gt;&gt;</a>&nbsp;&nbsp;&nbsp;__scatterload
</UL>

<P><STRONG><a name="[f5]"></a>_main_clock</STRONG> (Thumb, 0 bytes, Stack size unknown bytes, entry7b.o(.ARM.Collect$$$$00000008))

<P><STRONG><a name="[f6]"></a>_main_cpp_init</STRONG> (Thumb, 0 bytes, Stack size unknown bytes, entry8b.o(.ARM.Collect$$$$0000000A))

<P><STRONG><a name="[f7]"></a>_main_init</STRONG> (Thumb, 0 bytes, Stack size unknown bytes, entry9a.o(.ARM.Collect$$$$0000000B))

<P><STRONG><a name="[f8]"></a>__rt_final_cpp</STRONG> (Thumb, 0 bytes, Stack size unknown bytes, entry10a.o(.ARM.Collect$$$$0000000D))

<P><STRONG><a name="[f9]"></a>__rt_final_exit</STRONG> (Thumb, 0 bytes, Stack size unknown bytes, entry11a.o(.ARM.Collect$$$$0000000F))

<P><STRONG><a name="[f]"></a>Reset_Handler</STRONG> (Thumb, 8 bytes, Stack size 0 bytes, startup_stm32f303xe.o(.text))
<BR>[Address Reference Count : 1]<UL><LI> startup_stm32f303xe.o(RESET)
</UL>
<P><STRONG><a name="[10]"></a>NMI_Handler</STRONG> (Thumb, 2 bytes, Stack size 0 bytes, startup_stm32f303xe.o(.text))
<BR><BR>[Calls]<UL><LI><a href="#[10]">&gt;&gt;</a>&nbsp;&nbsp;&nbsp;NMI_Handler
</UL>
<BR>[Called By]<UL><LI><a href="#[10]">&gt;&gt;</a>&nbsp;&nbsp;&nbsp;NMI_Handler
</UL>
<BR>[Address Reference Count : 1]<UL><LI> startup_stm32f303xe.o(RESET)
</UL>
<P><STRONG><a name="[11]"></a>HardFault_Handler</STRONG> (Thumb, 2 bytes, Stack size 0 bytes, startup_stm32f303xe.o(.text))
<BR><BR>[Calls]<UL><LI><a href="#[11]">&gt;&gt;</a>&nbsp;&nbsp;&nbsp;HardFault_Handler
</UL>
<BR>[Called By]<UL><LI><a href="#[11]">&gt;&gt;</a>&nbsp;&nbsp;&nbsp;HardFault_Handler
</UL>
<BR>[Address Reference Count : 1]<UL><LI> startup_stm32f303xe.o(RESET)
</UL>
<P><STRONG><a name="[12]"></a>MemManage_Handler</STRONG> (Thumb, 2 bytes, Stack size 0 bytes, startup_stm32f303xe.o(.text))
<BR><BR>[Calls]<UL><LI><a href="#[12]">&gt;&gt;</a>&nbsp;&nbsp;&nbsp;MemManage_Handler
</UL>
<BR>[Called By]<UL><LI><a href="#[12]">&gt;&gt;</a>&nbsp;&nbsp;&nbsp;MemManage_Handler
</UL>
<BR>[Address Reference Count : 1]<UL><LI> startup_stm32f303xe.o(RESET)
</UL>
<P><STRONG><a name="[13]"></a>BusFault_Handler</STRONG> (Thumb, 2 bytes, Stack size 0 bytes, startup_stm32f303xe.o(.text))
<BR><BR>[Calls]<UL><LI><a href="#[13]">&gt;&gt;</a>&nbsp;&nbsp;&nbsp;BusFault_Handler
</UL>
<BR>[Called By]<UL><LI><a href="#[13]">&gt;&gt;</a>&nbsp;&nbsp;&nbsp;BusFault_Handler
</UL>
<BR>[Address Reference Count : 1]<UL><LI> startup_stm32f303xe.o(RESET)
</UL>
<P><STRONG><a name="[14]"></a>UsageFault_Handler</STRONG> (Thumb, 2 bytes, Stack size 0 bytes, startup_stm32f303xe.o(.text))
<BR><BR>[Calls]<UL><LI><a href="#[14]">&gt;&gt;</a>&nbsp;&nbsp;&nbsp;UsageFault_Handler
</UL>
<BR>[Called By]<UL><LI><a href="#[14]">&gt;&gt;</a>&nbsp;&nbsp;&nbsp;UsageFault_Handler
</UL>
<BR>[Address Reference Count : 1]<UL><LI> startup_stm32f303xe.o(RESET)
</UL>
<P><STRONG><a name="[15]"></a>SVC_Handler</STRONG> (Thumb, 2 bytes, Stack size 0 bytes, startup_stm32f303xe.o(.text))
<BR><BR>[Calls]<UL><LI><a href="#[15]">&gt;&gt;</a>&nbsp;&nbsp;&nbsp;SVC_Handler
</UL>
<BR>[Called By]<UL><LI><a href="#[15]">&gt;&gt;</a>&nbsp;&nbsp;&nbsp;SVC_Handler
</UL>
<BR>[Address Reference Count : 1]<UL><LI> startup_stm32f303xe.o(RESET)
</UL>
<P><STRONG><a name="[16]"></a>DebugMon_Handler</STRONG> (Thumb, 2 bytes, Stack size 0 bytes, startup_stm32f303xe.o(.text))
<BR><BR>[Calls]<UL><LI><a href="#[16]">&gt;&gt;</a>&nbsp;&nbsp;&nbsp;DebugMon_Handler
</UL>
<BR>[Called By]<UL><LI><a href="#[16]">&gt;&gt;</a>&nbsp;&nbsp;&nbsp;DebugMon_Handler
</UL>
<BR>[Address Reference Count : 1]<UL><LI> startup_stm32f303xe.o(RESET)
</UL>
<P><STRONG><a name="[17]"></a>PendSV_Handler</STRONG> (Thumb, 2 bytes, Stack size 0 bytes, startup_stm32f303xe.o(.text))
<BR><BR>[Calls]<UL><LI><a href="#[17]">&gt;&gt;</a>&nbsp;&nbsp;&nbsp;PendSV_Handler
</UL>
<BR>[Called By]<UL><LI><a href="#[17]">&gt;&gt;</a>&nbsp;&nbsp;&nbsp;PendSV_Handler
</UL>
<BR>[Address Reference Count : 1]<UL><LI> startup_stm32f303xe.o(RESET)
</UL>
<P><STRONG><a name="[2b]"></a>ADC1_2_IRQHandler</STRONG> (Thumb, 0 bytes, Stack size 0 bytes, startup_stm32f303xe.o(.text))
<BR><BR>[Calls]<UL><LI><a href="#[2b]">&gt;&gt;</a>&nbsp;&nbsp;&nbsp;ADC1_2_IRQHandler
</UL>
<BR>[Called By]<UL><LI><a href="#[2b]">&gt;&gt;</a>&nbsp;&nbsp;&nbsp;ADC1_2_IRQHandler
</UL>
<BR>[Address Reference Count : 1]<UL><LI> startup_stm32f303xe.o(RESET)
</UL>
<P><STRONG><a name="[48]"></a>ADC3_IRQHandler</STRONG> (Thumb, 0 bytes, Stack size 0 bytes, startup_stm32f303xe.o(.text))
<BR>[Address Reference Count : 1]<UL><LI> startup_stm32f303xe.o(RESET)
</UL>
<P><STRONG><a name="[54]"></a>ADC4_IRQHandler</STRONG> (Thumb, 0 bytes, Stack size 0 bytes, startup_stm32f303xe.o(.text))
<BR>[Address Reference Count : 1]<UL><LI> startup_stm32f303xe.o(RESET)
</UL>
<P><STRONG><a name="[2e]"></a>CAN_RX1_IRQHandler</STRONG> (Thumb, 0 bytes, Stack size 0 bytes, startup_stm32f303xe.o(.text))
<BR>[Address Reference Count : 1]<UL><LI> startup_stm32f303xe.o(RESET)
</UL>
<P><STRONG><a name="[2f]"></a>CAN_SCE_IRQHandler</STRONG> (Thumb, 0 bytes, Stack size 0 bytes, startup_stm32f303xe.o(.text))
<BR>[Address Reference Count : 1]<UL><LI> startup_stm32f303xe.o(RESET)
</UL>
<P><STRONG><a name="[55]"></a>COMP1_2_3_IRQHandler</STRONG> (Thumb, 0 bytes, Stack size 0 bytes, startup_stm32f303xe.o(.text))
<BR>[Address Reference Count : 1]<UL><LI> startup_stm32f303xe.o(RESET)
</UL>
<P><STRONG><a name="[56]"></a>COMP4_5_6_IRQHandler</STRONG> (Thumb, 0 bytes, Stack size 0 bytes, startup_stm32f303xe.o(.text))
<BR>[Address Reference Count : 1]<UL><LI> startup_stm32f303xe.o(RESET)
</UL>
<P><STRONG><a name="[57]"></a>COMP7_IRQHandler</STRONG> (Thumb, 0 bytes, Stack size 0 bytes, startup_stm32f303xe.o(.text))
<BR>[Address Reference Count : 1]<UL><LI> startup_stm32f303xe.o(RESET)
</UL>
<P><STRONG><a name="[24]"></a>DMA1_Channel1_IRQHandler</STRONG> (Thumb, 0 bytes, Stack size 0 bytes, startup_stm32f303xe.o(.text))
<BR>[Address Reference Count : 1]<UL><LI> startup_stm32f303xe.o(RESET)
</UL>
<P><STRONG><a name="[25]"></a>DMA1_Channel2_IRQHandler</STRONG> (Thumb, 0 bytes, Stack size 0 bytes, startup_stm32f303xe.o(.text))
<BR>[Address Reference Count : 1]<UL><LI> startup_stm32f303xe.o(RESET)
</UL>
<P><STRONG><a name="[26]"></a>DMA1_Channel3_IRQHandler</STRONG> (Thumb, 0 bytes, Stack size 0 bytes, startup_stm32f303xe.o(.text))
<BR>[Address Reference Count : 1]<UL><LI> startup_stm32f303xe.o(RESET)
</UL>
<P><STRONG><a name="[27]"></a>DMA1_Channel4_IRQHandler</STRONG> (Thumb, 0 bytes, Stack size 0 bytes, startup_stm32f303xe.o(.text))
<BR>[Address Reference Count : 1]<UL><LI> startup_stm32f303xe.o(RESET)
</UL>
<P><STRONG><a name="[28]"></a>DMA1_Channel5_IRQHandler</STRONG> (Thumb, 0 bytes, Stack size 0 bytes, startup_stm32f303xe.o(.text))
<BR>[Address Reference Count : 1]<UL><LI> startup_stm32f303xe.o(RESET)
</UL>
<P><STRONG><a name="[29]"></a>DMA1_Channel6_IRQHandler</STRONG> (Thumb, 0 bytes, Stack size 0 bytes, startup_stm32f303xe.o(.text))
<BR>[Address Reference Count : 1]<UL><LI> startup_stm32f303xe.o(RESET)
</UL>
<P><STRONG><a name="[2a]"></a>DMA1_Channel7_IRQHandler</STRONG> (Thumb, 0 bytes, Stack size 0 bytes, startup_stm32f303xe.o(.text))
<BR>[Address Reference Count : 1]<UL><LI> startup_stm32f303xe.o(RESET)
</UL>
<P><STRONG><a name="[4f]"></a>DMA2_Channel1_IRQHandler</STRONG> (Thumb, 0 bytes, Stack size 0 bytes, startup_stm32f303xe.o(.text))
<BR>[Address Reference Count : 1]<UL><LI> startup_stm32f303xe.o(RESET)
</UL>
<P><STRONG><a name="[50]"></a>DMA2_Channel2_IRQHandler</STRONG> (Thumb, 0 bytes, Stack size 0 bytes, startup_stm32f303xe.o(.text))
<BR>[Address Reference Count : 1]<UL><LI> startup_stm32f303xe.o(RESET)
</UL>
<P><STRONG><a name="[51]"></a>DMA2_Channel3_IRQHandler</STRONG> (Thumb, 0 bytes, Stack size 0 bytes, startup_stm32f303xe.o(.text))
<BR>[Address Reference Count : 1]<UL><LI> startup_stm32f303xe.o(RESET)
</UL>
<P><STRONG><a name="[52]"></a>DMA2_Channel4_IRQHandler</STRONG> (Thumb, 0 bytes, Stack size 0 bytes, startup_stm32f303xe.o(.text))
<BR>[Address Reference Count : 1]<UL><LI> startup_stm32f303xe.o(RESET)
</UL>
<P><STRONG><a name="[53]"></a>DMA2_Channel5_IRQHandler</STRONG> (Thumb, 0 bytes, Stack size 0 bytes, startup_stm32f303xe.o(.text))
<BR>[Address Reference Count : 1]<UL><LI> startup_stm32f303xe.o(RESET)
</UL>
<P><STRONG><a name="[1f]"></a>EXTI0_IRQHandler</STRONG> (Thumb, 0 bytes, Stack size 0 bytes, startup_stm32f303xe.o(.text))
<BR>[Address Reference Count : 1]<UL><LI> startup_stm32f303xe.o(RESET)
</UL>
<P><STRONG><a name="[41]"></a>EXTI15_10_IRQHandler</STRONG> (Thumb, 0 bytes, Stack size 0 bytes, startup_stm32f303xe.o(.text))
<BR>[Address Reference Count : 1]<UL><LI> startup_stm32f303xe.o(RESET)
</UL>
<P><STRONG><a name="[20]"></a>EXTI1_IRQHandler</STRONG> (Thumb, 0 bytes, Stack size 0 bytes, startup_stm32f303xe.o(.text))
<BR>[Address Reference Count : 1]<UL><LI> startup_stm32f303xe.o(RESET)
</UL>
<P><STRONG><a name="[21]"></a>EXTI2_TSC_IRQHandler</STRONG> (Thumb, 0 bytes, Stack size 0 bytes, startup_stm32f303xe.o(.text))
<BR>[Address Reference Count : 1]<UL><LI> startup_stm32f303xe.o(RESET)
</UL>
<P><STRONG><a name="[22]"></a>EXTI3_IRQHandler</STRONG> (Thumb, 0 bytes, Stack size 0 bytes, startup_stm32f303xe.o(.text))
<BR>[Address Reference Count : 1]<UL><LI> startup_stm32f303xe.o(RESET)
</UL>
<P><STRONG><a name="[23]"></a>EXTI4_IRQHandler</STRONG> (Thumb, 0 bytes, Stack size 0 bytes, startup_stm32f303xe.o(.text))
<BR>[Address Reference Count : 1]<UL><LI> startup_stm32f303xe.o(RESET)
</UL>
<P><STRONG><a name="[30]"></a>EXTI9_5_IRQHandler</STRONG> (Thumb, 0 bytes, Stack size 0 bytes, startup_stm32f303xe.o(.text))
<BR>[Address Reference Count : 1]<UL><LI> startup_stm32f303xe.o(RESET)
</UL>
<P><STRONG><a name="[1d]"></a>FLASH_IRQHandler</STRONG> (Thumb, 0 bytes, Stack size 0 bytes, startup_stm32f303xe.o(.text))
<BR>[Address Reference Count : 1]<UL><LI> startup_stm32f303xe.o(RESET)
</UL>
<P><STRONG><a name="[49]"></a>FMC_IRQHandler</STRONG> (Thumb, 0 bytes, Stack size 0 bytes, startup_stm32f303xe.o(.text))
<BR>[Address Reference Count : 1]<UL><LI> startup_stm32f303xe.o(RESET)
</UL>
<P><STRONG><a name="[61]"></a>FPU_IRQHandler</STRONG> (Thumb, 0 bytes, Stack size 0 bytes, startup_stm32f303xe.o(.text))
<BR>[Address Reference Count : 1]<UL><LI> startup_stm32f303xe.o(RESET)
</UL>
<P><STRONG><a name="[39]"></a>I2C1_ER_IRQHandler</STRONG> (Thumb, 0 bytes, Stack size 0 bytes, startup_stm32f303xe.o(.text))
<BR>[Address Reference Count : 1]<UL><LI> startup_stm32f303xe.o(RESET)
</UL>
<P><STRONG><a name="[38]"></a>I2C1_EV_IRQHandler</STRONG> (Thumb, 0 bytes, Stack size 0 bytes, startup_stm32f303xe.o(.text))
<BR>[Address Reference Count : 1]<UL><LI> startup_stm32f303xe.o(RESET)
</UL>
<P><STRONG><a name="[3b]"></a>I2C2_ER_IRQHandler</STRONG> (Thumb, 0 bytes, Stack size 0 bytes, startup_stm32f303xe.o(.text))
<BR>[Address Reference Count : 1]<UL><LI> startup_stm32f303xe.o(RESET)
</UL>
<P><STRONG><a name="[3a]"></a>I2C2_EV_IRQHandler</STRONG> (Thumb, 0 bytes, Stack size 0 bytes, startup_stm32f303xe.o(.text))
<BR>[Address Reference Count : 1]<UL><LI> startup_stm32f303xe.o(RESET)
</UL>
<P><STRONG><a name="[59]"></a>I2C3_ER_IRQHandler</STRONG> (Thumb, 0 bytes, Stack size 0 bytes, startup_stm32f303xe.o(.text))
<BR>[Address Reference Count : 1]<UL><LI> startup_stm32f303xe.o(RESET)
</UL>
<P><STRONG><a name="[58]"></a>I2C3_EV_IRQHandler</STRONG> (Thumb, 0 bytes, Stack size 0 bytes, startup_stm32f303xe.o(.text))
<BR>[Address Reference Count : 1]<UL><LI> startup_stm32f303xe.o(RESET)
</UL>
<P><STRONG><a name="[1a]"></a>PVD_IRQHandler</STRONG> (Thumb, 0 bytes, Stack size 0 bytes, startup_stm32f303xe.o(.text))
<BR>[Address Reference Count : 1]<UL><LI> startup_stm32f303xe.o(RESET)
</UL>
<P><STRONG><a name="[1e]"></a>RCC_IRQHandler</STRONG> (Thumb, 0 bytes, Stack size 0 bytes, startup_stm32f303xe.o(.text))
<BR>[Address Reference Count : 1]<UL><LI> startup_stm32f303xe.o(RESET)
</UL>
<P><STRONG><a name="[42]"></a>RTC_Alarm_IRQHandler</STRONG> (Thumb, 0 bytes, Stack size 0 bytes, startup_stm32f303xe.o(.text))
<BR>[Address Reference Count : 1]<UL><LI> startup_stm32f303xe.o(RESET)
</UL>
<P><STRONG><a name="[1c]"></a>RTC_WKUP_IRQHandler</STRONG> (Thumb, 0 bytes, Stack size 0 bytes, startup_stm32f303xe.o(.text))
<BR>[Address Reference Count : 1]<UL><LI> startup_stm32f303xe.o(RESET)
</UL>
<P><STRONG><a name="[3c]"></a>SPI1_IRQHandler</STRONG> (Thumb, 0 bytes, Stack size 0 bytes, startup_stm32f303xe.o(.text))
<BR>[Address Reference Count : 1]<UL><LI> startup_stm32f303xe.o(RESET)
</UL>
<P><STRONG><a name="[3d]"></a>SPI2_IRQHandler</STRONG> (Thumb, 0 bytes, Stack size 0 bytes, startup_stm32f303xe.o(.text))
<BR>[Address Reference Count : 1]<UL><LI> startup_stm32f303xe.o(RESET)
</UL>
<P><STRONG><a name="[4a]"></a>SPI3_IRQHandler</STRONG> (Thumb, 0 bytes, Stack size 0 bytes, startup_stm32f303xe.o(.text))
<BR>[Address Reference Count : 1]<UL><LI> startup_stm32f303xe.o(RESET)
</UL>
<P><STRONG><a name="[62]"></a>SPI4_IRQHandler</STRONG> (Thumb, 0 bytes, Stack size 0 bytes, startup_stm32f303xe.o(.text))
<BR>[Address Reference Count : 1]<UL><LI> startup_stm32f303xe.o(RESET)
</UL>
<P><STRONG><a name="[1b]"></a>TAMP_STAMP_IRQHandler</STRONG> (Thumb, 0 bytes, Stack size 0 bytes, startup_stm32f303xe.o(.text))
<BR>[Address Reference Count : 1]<UL><LI> startup_stm32f303xe.o(RESET)
</UL>
<P><STRONG><a name="[31]"></a>TIM1_BRK_TIM15_IRQHandler</STRONG> (Thumb, 0 bytes, Stack size 0 bytes, startup_stm32f303xe.o(.text))
<BR>[Address Reference Count : 1]<UL><LI> startup_stm32f303xe.o(RESET)
</UL>
<P><STRONG><a name="[34]"></a>TIM1_CC_IRQHandler</STRONG> (Thumb, 0 bytes, Stack size 0 bytes, startup_stm32f303xe.o(.text))
<BR>[Address Reference Count : 1]<UL><LI> startup_stm32f303xe.o(RESET)
</UL>
<P><STRONG><a name="[33]"></a>TIM1_TRG_COM_TIM17_IRQHandler</STRONG> (Thumb, 0 bytes, Stack size 0 bytes, startup_stm32f303xe.o(.text))
<BR>[Address Reference Count : 1]<UL><LI> startup_stm32f303xe.o(RESET)
</UL>
<P><STRONG><a name="[32]"></a>TIM1_UP_TIM16_IRQHandler</STRONG> (Thumb, 0 bytes, Stack size 0 bytes, startup_stm32f303xe.o(.text))
<BR>[Address Reference Count : 1]<UL><LI> startup_stm32f303xe.o(RESET)
</UL>
<P><STRONG><a name="[5d]"></a>TIM20_BRK_IRQHandler</STRONG> (Thumb, 0 bytes, Stack size 0 bytes, startup_stm32f303xe.o(.text))
<BR>[Address Reference Count : 1]<UL><LI> startup_stm32f303xe.o(RESET)
</UL>
<P><STRONG><a name="[60]"></a>TIM20_CC_IRQHandler</STRONG> (Thumb, 0 bytes, Stack size 0 bytes, startup_stm32f303xe.o(.text))
<BR>[Address Reference Count : 1]<UL><LI> startup_stm32f303xe.o(RESET)
</UL>
<P><STRONG><a name="[5f]"></a>TIM20_TRG_COM_IRQHandler</STRONG> (Thumb, 0 bytes, Stack size 0 bytes, startup_stm32f303xe.o(.text))
<BR>[Address Reference Count : 1]<UL><LI> startup_stm32f303xe.o(RESET)
</UL>
<P><STRONG><a name="[5e]"></a>TIM20_UP_IRQHandler</STRONG> (Thumb, 0 bytes, Stack size 0 bytes, startup_stm32f303xe.o(.text))
<BR>[Address Reference Count : 1]<UL><LI> startup_stm32f303xe.o(RESET)
</UL>
<P><STRONG><a name="[35]"></a>TIM2_IRQHandler</STRONG> (Thumb, 0 bytes, Stack size 0 bytes, startup_stm32f303xe.o(.text))
<BR>[Address Reference Count : 1]<UL><LI> startup_stm32f303xe.o(RESET)
</UL>
<P><STRONG><a name="[36]"></a>TIM3_IRQHandler</STRONG> (Thumb, 0 bytes, Stack size 0 bytes, startup_stm32f303xe.o(.text))
<BR>[Address Reference Count : 1]<UL><LI> startup_stm32f303xe.o(RESET)
</UL>
<P><STRONG><a name="[37]"></a>TIM4_IRQHandler</STRONG> (Thumb, 0 bytes, Stack size 0 bytes, startup_stm32f303xe.o(.text))
<BR>[Address Reference Count : 1]<UL><LI> startup_stm32f303xe.o(RESET)
</UL>
<P><STRONG><a name="[4d]"></a>TIM6_DAC_IRQHandler</STRONG> (Thumb, 0 bytes, Stack size 0 bytes, startup_stm32f303xe.o(.text))
<BR>[Address Reference Count : 1]<UL><LI> startup_stm32f303xe.o(RESET)
</UL>
<P><STRONG><a name="[4e]"></a>TIM7_IRQHandler</STRONG> (Thumb, 0 bytes, Stack size 0 bytes, startup_stm32f303xe.o(.text))
<BR>[Address Reference Count : 1]<UL><LI> startup_stm32f303xe.o(RESET)
</UL>
<P><STRONG><a name="[44]"></a>TIM8_BRK_IRQHandler</STRONG> (Thumb, 0 bytes, Stack size 0 bytes, startup_stm32f303xe.o(.text))
<BR>[Address Reference Count : 1]<UL><LI> startup_stm32f303xe.o(RESET)
</UL>
<P><STRONG><a name="[47]"></a>TIM8_CC_IRQHandler</STRONG> (Thumb, 0 bytes, Stack size 0 bytes, startup_stm32f303xe.o(.text))
<BR>[Address Reference Count : 1]<UL><LI> startup_stm32f303xe.o(RESET)
</UL>
<P><STRONG><a name="[46]"></a>TIM8_TRG_COM_IRQHandler</STRONG> (Thumb, 0 bytes, Stack size 0 bytes, startup_stm32f303xe.o(.text))
<BR>[Address Reference Count : 1]<UL><LI> startup_stm32f303xe.o(RESET)
</UL>
<P><STRONG><a name="[45]"></a>TIM8_UP_IRQHandler</STRONG> (Thumb, 0 bytes, Stack size 0 bytes, startup_stm32f303xe.o(.text))
<BR>[Address Reference Count : 1]<UL><LI> startup_stm32f303xe.o(RESET)
</UL>
<P><STRONG><a name="[4b]"></a>UART4_IRQHandler</STRONG> (Thumb, 0 bytes, Stack size 0 bytes, startup_stm32f303xe.o(.text))
<BR>[Address Reference Count : 1]<UL><LI> startup_stm32f303xe.o(RESET)
</UL>
<P><STRONG><a name="[4c]"></a>UART5_IRQHandler</STRONG> (Thumb, 0 bytes, Stack size 0 bytes, startup_stm32f303xe.o(.text))
<BR>[Address Reference Count : 1]<UL><LI> startup_stm32f303xe.o(RESET)
</UL>
<P><STRONG><a name="[3e]"></a>USART1_IRQHandler</STRONG> (Thumb, 0 bytes, Stack size 0 bytes, startup_stm32f303xe.o(.text))
<BR>[Address Reference Count : 1]<UL><LI> startup_stm32f303xe.o(RESET)
</UL>
<P><STRONG><a name="[3f]"></a>USART2_IRQHandler</STRONG> (Thumb, 0 bytes, Stack size 0 bytes, startup_stm32f303xe.o(.text))
<BR>[Address Reference Count : 1]<UL><LI> startup_stm32f303xe.o(RESET)
</UL>
<P><STRONG><a name="[40]"></a>USART3_IRQHandler</STRONG> (Thumb, 0 bytes, Stack size 0 bytes, startup_stm32f303xe.o(.text))
<BR>[Address Reference Count : 1]<UL><LI> startup_stm32f303xe.o(RESET)
</UL>
<P><STRONG><a name="[43]"></a>USBWakeUp_IRQHandler</STRONG> (Thumb, 0 bytes, Stack size 0 bytes, startup_stm32f303xe.o(.text))
<BR>[Address Reference Count : 1]<UL><LI> startup_stm32f303xe.o(RESET)
</UL>
<P><STRONG><a name="[5c]"></a>USBWakeUp_RMP_IRQHandler</STRONG> (Thumb, 0 bytes, Stack size 0 bytes, startup_stm32f303xe.o(.text))
<BR>[Address Reference Count : 1]<UL><LI> startup_stm32f303xe.o(RESET)
</UL>
<P><STRONG><a name="[2c]"></a>USB_HP_CAN_TX_IRQHandler</STRONG> (Thumb, 0 bytes, Stack size 0 bytes, startup_stm32f303xe.o(.text))
<BR>[Address Reference Count : 1]<UL><LI> startup_stm32f303xe.o(RESET)
</UL>
<P><STRONG><a name="[5a]"></a>USB_HP_IRQHandler</STRONG> (Thumb, 0 bytes, Stack size 0 bytes, startup_stm32f303xe.o(.text))
<BR>[Address Reference Count : 1]<UL><LI> startup_stm32f303xe.o(RESET)
</UL>
<P><STRONG><a name="[2d]"></a>USB_LP_CAN_RX0_IRQHandler</STRONG> (Thumb, 0 bytes, Stack size 0 bytes, startup_stm32f303xe.o(.text))
<BR>[Address Reference Count : 1]<UL><LI> startup_stm32f303xe.o(RESET)
</UL>
<P><STRONG><a name="[5b]"></a>USB_LP_IRQHandler</STRONG> (Thumb, 0 bytes, Stack size 0 bytes, startup_stm32f303xe.o(.text))
<BR>[Address Reference Count : 1]<UL><LI> startup_stm32f303xe.o(RESET)
</UL>
<P><STRONG><a name="[19]"></a>WWDG_IRQHandler</STRONG> (Thumb, 0 bytes, Stack size 0 bytes, startup_stm32f303xe.o(.text))
<BR>[Address Reference Count : 1]<UL><LI> startup_stm32f303xe.o(RESET)
</UL>
<P><STRONG><a name="[76]"></a>__aeabi_llsr</STRONG> (Thumb, 32 bytes, Stack size 0 bytes, llushr.o(.text))
<BR><BR>[Called By]<UL><LI><a href="#[75]">&gt;&gt;</a>&nbsp;&nbsp;&nbsp;__aeabi_uldivmod
<LI><a href="#[6d]">&gt;&gt;</a>&nbsp;&nbsp;&nbsp;_double_epilogue
<LI><a href="#[78]">&gt;&gt;</a>&nbsp;&nbsp;&nbsp;__aeabi_d2ulz
</UL>

<P><STRONG><a name="[fa]"></a>_ll_ushift_r</STRONG> (Thumb, 0 bytes, Stack size 0 bytes, llushr.o(.text), UNUSED)

<P><STRONG><a name="[fb]"></a>__aeabi_memcpy</STRONG> (Thumb, 36 bytes, Stack size 0 bytes, memcpya.o(.text), UNUSED)

<P><STRONG><a name="[f3]"></a>__aeabi_memcpy4</STRONG> (Thumb, 0 bytes, Stack size 0 bytes, memcpya.o(.text))
<BR><BR>[Called By]<UL><LI><a href="#[63]">&gt;&gt;</a>&nbsp;&nbsp;&nbsp;main
</UL>

<P><STRONG><a name="[fc]"></a>__aeabi_memcpy8</STRONG> (Thumb, 0 bytes, Stack size 0 bytes, memcpya.o(.text), UNUSED)

<P><STRONG><a name="[6a]"></a>__aeabi_dadd</STRONG> (Thumb, 322 bytes, Stack size 48 bytes, dadd.o(.text))
<BR><BR>[Stack]<UL><LI>Max Depth = 88<LI>Call Chain = __aeabi_dadd &rArr; _double_epilogue &rArr; _double_round
</UL>
<BR>[Calls]<UL><LI><a href="#[6c]">&gt;&gt;</a>&nbsp;&nbsp;&nbsp;__aeabi_lasr
<LI><a href="#[6b]">&gt;&gt;</a>&nbsp;&nbsp;&nbsp;__aeabi_llsl
<LI><a href="#[6e]">&gt;&gt;</a>&nbsp;&nbsp;&nbsp;_double_round
<LI><a href="#[6d]">&gt;&gt;</a>&nbsp;&nbsp;&nbsp;_double_epilogue
</UL>
<BR>[Called By]<UL><LI><a href="#[70]">&gt;&gt;</a>&nbsp;&nbsp;&nbsp;__aeabi_drsub
<LI><a href="#[6f]">&gt;&gt;</a>&nbsp;&nbsp;&nbsp;__aeabi_dsub
<LI><a href="#[ee]">&gt;&gt;</a>&nbsp;&nbsp;&nbsp;_fp_digits
</UL>

<P><STRONG><a name="[6f]"></a>__aeabi_dsub</STRONG> (Thumb, 6 bytes, Stack size 0 bytes, dadd.o(.text), UNUSED)
<BR><BR>[Calls]<UL><LI><a href="#[6a]">&gt;&gt;</a>&nbsp;&nbsp;&nbsp;__aeabi_dadd
</UL>

<P><STRONG><a name="[70]"></a>__aeabi_drsub</STRONG> (Thumb, 6 bytes, Stack size 0 bytes, dadd.o(.text))
<BR><BR>[Stack]<UL><LI>Max Depth = 88<LI>Call Chain = __aeabi_drsub &rArr; __aeabi_dadd &rArr; _double_epilogue &rArr; _double_round
</UL>
<BR>[Calls]<UL><LI><a href="#[6a]">&gt;&gt;</a>&nbsp;&nbsp;&nbsp;__aeabi_dadd
</UL>
<BR>[Called By]<UL><LI><a href="#[7]">&gt;&gt;</a>&nbsp;&nbsp;&nbsp;AutoCalibrateSensorGains
</UL>

<P><STRONG><a name="[71]"></a>__aeabi_ddiv</STRONG> (Thumb, 222 bytes, Stack size 32 bytes, ddiv.o(.text))
<BR><BR>[Stack]<UL><LI>Max Depth = 40<LI>Call Chain = __aeabi_ddiv &rArr; _double_round
</UL>
<BR>[Calls]<UL><LI><a href="#[6e]">&gt;&gt;</a>&nbsp;&nbsp;&nbsp;_double_round
</UL>
<BR>[Called By]<UL><LI><a href="#[7]">&gt;&gt;</a>&nbsp;&nbsp;&nbsp;AutoCalibrateSensorGains
<LI><a href="#[ee]">&gt;&gt;</a>&nbsp;&nbsp;&nbsp;_fp_digits
</UL>

<P><STRONG><a name="[72]"></a>__aeabi_i2d</STRONG> (Thumb, 34 bytes, Stack size 16 bytes, dflti.o(.text))
<BR><BR>[Stack]<UL><LI>Max Depth = 56<LI>Call Chain = __aeabi_i2d &rArr; _double_epilogue &rArr; _double_round
</UL>
<BR>[Calls]<UL><LI><a href="#[6d]">&gt;&gt;</a>&nbsp;&nbsp;&nbsp;_double_epilogue
</UL>
<BR>[Called By]<UL><LI><a href="#[7]">&gt;&gt;</a>&nbsp;&nbsp;&nbsp;AutoCalibrateSensorGains
</UL>

<P><STRONG><a name="[e4]"></a>__aeabi_f2d</STRONG> (Thumb, 38 bytes, Stack size 0 bytes, f2d.o(.text))
<BR><BR>[Called By]<UL><LI><a href="#[0]">&gt;&gt;</a>&nbsp;&nbsp;&nbsp;StartColourDetectionTest
</UL>

<P><STRONG><a name="[73]"></a>__aeabi_d2f</STRONG> (Thumb, 56 bytes, Stack size 8 bytes, d2f.o(.text))
<BR><BR>[Stack]<UL><LI>Max Depth = 8<LI>Call Chain = __aeabi_d2f
</UL>
<BR>[Calls]<UL><LI><a href="#[74]">&gt;&gt;</a>&nbsp;&nbsp;&nbsp;_float_round
</UL>
<BR>[Called By]<UL><LI><a href="#[7]">&gt;&gt;</a>&nbsp;&nbsp;&nbsp;AutoCalibrateSensorGains
</UL>

<P><STRONG><a name="[fd]"></a>__aeabi_uidiv</STRONG> (Thumb, 0 bytes, Stack size 12 bytes, uidiv.o(.text), UNUSED)

<P><STRONG><a name="[f2]"></a>__aeabi_uidivmod</STRONG> (Thumb, 44 bytes, Stack size 12 bytes, uidiv.o(.text), UNUSED)
<BR><BR>[Called By]<UL><LI><a href="#[ed]">&gt;&gt;</a>&nbsp;&nbsp;&nbsp;_printf_core
</UL>

<P><STRONG><a name="[75]"></a>__aeabi_uldivmod</STRONG> (Thumb, 98 bytes, Stack size 40 bytes, uldiv.o(.text), UNUSED)
<BR><BR>[Calls]<UL><LI><a href="#[6b]">&gt;&gt;</a>&nbsp;&nbsp;&nbsp;__aeabi_llsl
<LI><a href="#[76]">&gt;&gt;</a>&nbsp;&nbsp;&nbsp;__aeabi_llsr
</UL>
<BR>[Called By]<UL><LI><a href="#[ed]">&gt;&gt;</a>&nbsp;&nbsp;&nbsp;_printf_core
<LI><a href="#[ee]">&gt;&gt;</a>&nbsp;&nbsp;&nbsp;_fp_digits
</UL>

<P><STRONG><a name="[6b]"></a>__aeabi_llsl</STRONG> (Thumb, 30 bytes, Stack size 0 bytes, llshl.o(.text))
<BR><BR>[Called By]<UL><LI><a href="#[75]">&gt;&gt;</a>&nbsp;&nbsp;&nbsp;__aeabi_uldivmod
<LI><a href="#[6d]">&gt;&gt;</a>&nbsp;&nbsp;&nbsp;_double_epilogue
<LI><a href="#[6a]">&gt;&gt;</a>&nbsp;&nbsp;&nbsp;__aeabi_dadd
<LI><a href="#[78]">&gt;&gt;</a>&nbsp;&nbsp;&nbsp;__aeabi_d2ulz
</UL>

<P><STRONG><a name="[fe]"></a>_ll_shift_l</STRONG> (Thumb, 0 bytes, Stack size 0 bytes, llshl.o(.text), UNUSED)

<P><STRONG><a name="[6c]"></a>__aeabi_lasr</STRONG> (Thumb, 36 bytes, Stack size 0 bytes, llsshr.o(.text))
<BR><BR>[Called By]<UL><LI><a href="#[6a]">&gt;&gt;</a>&nbsp;&nbsp;&nbsp;__aeabi_dadd
</UL>

<P><STRONG><a name="[ff]"></a>_ll_sshift_r</STRONG> (Thumb, 0 bytes, Stack size 0 bytes, llsshr.o(.text), UNUSED)

<P><STRONG><a name="[100]"></a>__I$use$fp</STRONG> (Thumb, 0 bytes, Stack size 0 bytes, iusefp.o(.text), UNUSED)

<P><STRONG><a name="[74]"></a>_float_round</STRONG> (Thumb, 18 bytes, Stack size 0 bytes, fepilogue.o(.text))
<BR><BR>[Called By]<UL><LI><a href="#[73]">&gt;&gt;</a>&nbsp;&nbsp;&nbsp;__aeabi_d2f
</UL>

<P><STRONG><a name="[101]"></a>_float_epilogue</STRONG> (Thumb, 92 bytes, Stack size 4 bytes, fepilogue.o(.text), UNUSED)

<P><STRONG><a name="[6e]"></a>_double_round</STRONG> (Thumb, 30 bytes, Stack size 8 bytes, depilogue.o(.text))
<BR><BR>[Stack]<UL><LI>Max Depth = 8<LI>Call Chain = _double_round
</UL>
<BR>[Called By]<UL><LI><a href="#[71]">&gt;&gt;</a>&nbsp;&nbsp;&nbsp;__aeabi_ddiv
<LI><a href="#[6d]">&gt;&gt;</a>&nbsp;&nbsp;&nbsp;_double_epilogue
<LI><a href="#[6a]">&gt;&gt;</a>&nbsp;&nbsp;&nbsp;__aeabi_dadd
</UL>

<P><STRONG><a name="[6d]"></a>_double_epilogue</STRONG> (Thumb, 156 bytes, Stack size 32 bytes, depilogue.o(.text))
<BR><BR>[Stack]<UL><LI>Max Depth = 40<LI>Call Chain = _double_epilogue &rArr; _double_round
</UL>
<BR>[Calls]<UL><LI><a href="#[6b]">&gt;&gt;</a>&nbsp;&nbsp;&nbsp;__aeabi_llsl
<LI><a href="#[6e]">&gt;&gt;</a>&nbsp;&nbsp;&nbsp;_double_round
<LI><a href="#[76]">&gt;&gt;</a>&nbsp;&nbsp;&nbsp;__aeabi_llsr
</UL>
<BR>[Called By]<UL><LI><a href="#[72]">&gt;&gt;</a>&nbsp;&nbsp;&nbsp;__aeabi_i2d
<LI><a href="#[77]">&gt;&gt;</a>&nbsp;&nbsp;&nbsp;__aeabi_dmul
<LI><a href="#[6a]">&gt;&gt;</a>&nbsp;&nbsp;&nbsp;__aeabi_dadd
</UL>

<P><STRONG><a name="[77]"></a>__aeabi_dmul</STRONG> (Thumb, 228 bytes, Stack size 48 bytes, dmul.o(.text), UNUSED)
<BR><BR>[Calls]<UL><LI><a href="#[6d]">&gt;&gt;</a>&nbsp;&nbsp;&nbsp;_double_epilogue
</UL>
<BR>[Called By]<UL><LI><a href="#[ee]">&gt;&gt;</a>&nbsp;&nbsp;&nbsp;_fp_digits
</UL>

<P><STRONG><a name="[78]"></a>__aeabi_d2ulz</STRONG> (Thumb, 48 bytes, Stack size 0 bytes, dfixul.o(.text), UNUSED)
<BR><BR>[Calls]<UL><LI><a href="#[6b]">&gt;&gt;</a>&nbsp;&nbsp;&nbsp;__aeabi_llsl
<LI><a href="#[76]">&gt;&gt;</a>&nbsp;&nbsp;&nbsp;__aeabi_llsr
</UL>
<BR>[Called By]<UL><LI><a href="#[ee]">&gt;&gt;</a>&nbsp;&nbsp;&nbsp;_fp_digits
</UL>

<P><STRONG><a name="[ef]"></a>__aeabi_cdrcmple</STRONG> (Thumb, 48 bytes, Stack size 0 bytes, cdrcmple.o(.text), UNUSED)
<BR><BR>[Called By]<UL><LI><a href="#[ee]">&gt;&gt;</a>&nbsp;&nbsp;&nbsp;_fp_digits
</UL>

<P><STRONG><a name="[69]"></a>__scatterload</STRONG> (Thumb, 28 bytes, Stack size 0 bytes, init.o(.text))
<BR><BR>[Calls]<UL><LI><a href="#[79]">&gt;&gt;</a>&nbsp;&nbsp;&nbsp;__main_after_scatterload
</UL>
<BR>[Called By]<UL><LI><a href="#[68]">&gt;&gt;</a>&nbsp;&nbsp;&nbsp;_main_scatterload
</UL>

<P><STRONG><a name="[102]"></a>__scatterload_rt2</STRONG> (Thumb, 0 bytes, Stack size 0 bytes, init.o(.text), UNUSED)

<P><STRONG><a name="[103]"></a>__decompress</STRONG> (Thumb, 0 bytes, Stack size unknown bytes, __dclz77c.o(.text), UNUSED)

<P><STRONG><a name="[104]"></a>__decompress2</STRONG> (Thumb, 94 bytes, Stack size unknown bytes, __dclz77c.o(.text), UNUSED)

<P><STRONG><a name="[7c]"></a>API_USR_TransmitMessage</STRONG> (Thumb, 34 bytes, Stack size 8 bytes, uart2.o(i.API_USR_TransmitMessage))
<BR><BR>[Stack]<UL><LI>Max Depth = 64<LI>Call Chain = API_USR_TransmitMessage &rArr; HAL_UART_Transmit &rArr; UART_WaitOnFlagUntilTimeout
</UL>
<BR>[Calls]<UL><LI><a href="#[7e]">&gt;&gt;</a>&nbsp;&nbsp;&nbsp;HAL_UART_Transmit
<LI><a href="#[7f]">&gt;&gt;</a>&nbsp;&nbsp;&nbsp;ResetBuffer
<LI><a href="#[7d]">&gt;&gt;</a>&nbsp;&nbsp;&nbsp;__2snprintf
</UL>
<BR>[Called By]<UL><LI><a href="#[9]">&gt;&gt;</a>&nbsp;&nbsp;&nbsp;SetExit
<LI><a href="#[e1]">&gt;&gt;</a>&nbsp;&nbsp;&nbsp;ReceiveUartCalculationValue
<LI><a href="#[e0]">&gt;&gt;</a>&nbsp;&nbsp;&nbsp;ReceiveUart
<LI><a href="#[83]">&gt;&gt;</a>&nbsp;&nbsp;&nbsp;TrimOffset
<LI><a href="#[82]">&gt;&gt;</a>&nbsp;&nbsp;&nbsp;SetSensorGains
<LI><a href="#[2]">&gt;&gt;</a>&nbsp;&nbsp;&nbsp;SetRedGain
<LI><a href="#[3]">&gt;&gt;</a>&nbsp;&nbsp;&nbsp;SetGreenGain
<LI><a href="#[6]">&gt;&gt;</a>&nbsp;&nbsp;&nbsp;SetDefaultGain
<LI><a href="#[5]">&gt;&gt;</a>&nbsp;&nbsp;&nbsp;SetClearGain
<LI><a href="#[1]">&gt;&gt;</a>&nbsp;&nbsp;&nbsp;SetCapacitorAmount
<LI><a href="#[4]">&gt;&gt;</a>&nbsp;&nbsp;&nbsp;SetBlueGain
<LI><a href="#[e]">&gt;&gt;</a>&nbsp;&nbsp;&nbsp;SelectColourSensorMenuOnUart
<LI><a href="#[df]">&gt;&gt;</a>&nbsp;&nbsp;&nbsp;SelectCapacitorAmount
<LI><a href="#[de]">&gt;&gt;</a>&nbsp;&nbsp;&nbsp;ReadColourSensorSetting
<LI><a href="#[dd]">&gt;&gt;</a>&nbsp;&nbsp;&nbsp;PrereadColourSensorData
<LI><a href="#[91]">&gt;&gt;</a>&nbsp;&nbsp;&nbsp;ColourSensorMenu
<LI><a href="#[81]">&gt;&gt;</a>&nbsp;&nbsp;&nbsp;CollectColourSensorData
<LI><a href="#[7]">&gt;&gt;</a>&nbsp;&nbsp;&nbsp;AutoCalibrateSensorGains
<LI><a href="#[8]">&gt;&gt;</a>&nbsp;&nbsp;&nbsp;SelectTopMenuOnUart
<LI><a href="#[63]">&gt;&gt;</a>&nbsp;&nbsp;&nbsp;main
<LI><a href="#[8b]">&gt;&gt;</a>&nbsp;&nbsp;&nbsp;_Error_Handler
<LI><a href="#[67]">&gt;&gt;</a>&nbsp;&nbsp;&nbsp;APP_ColourDetect
<LI><a href="#[b]">&gt;&gt;</a>&nbsp;&nbsp;&nbsp;SetTime
<LI><a href="#[a]">&gt;&gt;</a>&nbsp;&nbsp;&nbsp;SetDate
<LI><a href="#[dc]">&gt;&gt;</a>&nbsp;&nbsp;&nbsp;MainMenu
<LI><a href="#[84]">&gt;&gt;</a>&nbsp;&nbsp;&nbsp;AutoLogin
</UL>

<P><STRONG><a name="[67]"></a>APP_ColourDetect</STRONG> (Thumb, 24 bytes, Stack size 8 bytes, main.o(i.APP_ColourDetect))
<BR><BR>[Stack]<UL><LI>Max Depth = 152<LI>Call Chain = APP_ColourDetect &rArr; SelectTopMenuOnUart &rArr;  SelectTopMenuOnUart (Cycle)
</UL>
<BR>[Calls]<UL><LI><a href="#[8]">&gt;&gt;</a>&nbsp;&nbsp;&nbsp;SelectTopMenuOnUart
<LI><a href="#[80]">&gt;&gt;</a>&nbsp;&nbsp;&nbsp;HAL_Delay
<LI><a href="#[7c]">&gt;&gt;</a>&nbsp;&nbsp;&nbsp;API_USR_TransmitMessage
</UL>
<BR>[Address Reference Count : 1]<UL><LI> main.o(.constdata)
</UL>
<P><STRONG><a name="[7]"></a>AutoCalibrateSensorGains</STRONG> (Thumb, 502 bytes, Stack size 64 bytes, appcolourdetect.o(i.AutoCalibrateSensorGains))
<BR><BR>[Stack]<UL><LI>Max Depth = 280<LI>Call Chain = AutoCalibrateSensorGains &rArr; SelectColourSensorMenuOnUart &rArr; PrereadColourSensorData &rArr;  AutoCalibrateSensorGains (Cycle)
</UL>
<BR>[Calls]<UL><LI><a href="#[72]">&gt;&gt;</a>&nbsp;&nbsp;&nbsp;__aeabi_i2d
<LI><a href="#[70]">&gt;&gt;</a>&nbsp;&nbsp;&nbsp;__aeabi_drsub
<LI><a href="#[71]">&gt;&gt;</a>&nbsp;&nbsp;&nbsp;__aeabi_ddiv
<LI><a href="#[73]">&gt;&gt;</a>&nbsp;&nbsp;&nbsp;__aeabi_d2f
<LI><a href="#[83]">&gt;&gt;</a>&nbsp;&nbsp;&nbsp;TrimOffset
<LI><a href="#[82]">&gt;&gt;</a>&nbsp;&nbsp;&nbsp;SetSensorGains
<LI><a href="#[e]">&gt;&gt;</a>&nbsp;&nbsp;&nbsp;SelectColourSensorMenuOnUart
<LI><a href="#[81]">&gt;&gt;</a>&nbsp;&nbsp;&nbsp;CollectColourSensorData
<LI><a href="#[7c]">&gt;&gt;</a>&nbsp;&nbsp;&nbsp;API_USR_TransmitMessage
<LI><a href="#[7d]">&gt;&gt;</a>&nbsp;&nbsp;&nbsp;__2snprintf
</UL>
<BR>[Called By]<UL><LI><a href="#[dd]">&gt;&gt;</a>&nbsp;&nbsp;&nbsp;PrereadColourSensorData
</UL>
<BR>[Address Reference Count : 1]<UL><LI> appcolourdetect.o(.data)
</UL>
<P><STRONG><a name="[84]"></a>AutoLogin</STRONG> (Thumb, 72 bytes, Stack size 16 bytes, uart2.o(i.AutoLogin))
<BR><BR>[Stack]<UL><LI>Max Depth = 80<LI>Call Chain = AutoLogin &rArr; API_USR_TransmitMessage &rArr; HAL_UART_Transmit &rArr; UART_WaitOnFlagUntilTimeout
</UL>
<BR>[Calls]<UL><LI><a href="#[7c]">&gt;&gt;</a>&nbsp;&nbsp;&nbsp;API_USR_TransmitMessage
</UL>
<BR>[Called By]<UL><LI><a href="#[e0]">&gt;&gt;</a>&nbsp;&nbsp;&nbsp;ReceiveUart
</UL>

<P><STRONG><a name="[85]"></a>BSP_LED_Init</STRONG> (Thumb, 76 bytes, Stack size 40 bytes, stm32f3xx_nucleo.o(i.BSP_LED_Init))
<BR><BR>[Stack]<UL><LI>Max Depth = 80<LI>Call Chain = BSP_LED_Init &rArr; HAL_GPIO_Init
</UL>
<BR>[Calls]<UL><LI><a href="#[87]">&gt;&gt;</a>&nbsp;&nbsp;&nbsp;HAL_GPIO_WritePin
<LI><a href="#[86]">&gt;&gt;</a>&nbsp;&nbsp;&nbsp;HAL_GPIO_Init
</UL>
<BR>[Called By]<UL><LI><a href="#[63]">&gt;&gt;</a>&nbsp;&nbsp;&nbsp;main
</UL>

<P><STRONG><a name="[88]"></a>BSP_PB_GetState</STRONG> (Thumb, 16 bytes, Stack size 0 bytes, stm32f3xx_nucleo.o(i.BSP_PB_GetState))
<BR><BR>[Calls]<UL><LI><a href="#[89]">&gt;&gt;</a>&nbsp;&nbsp;&nbsp;HAL_GPIO_ReadPin
</UL>
<BR>[Called By]<UL><LI><a href="#[63]">&gt;&gt;</a>&nbsp;&nbsp;&nbsp;main
</UL>

<P><STRONG><a name="[90]"></a>CalculateColourSensorData</STRONG> (Thumb, 48 bytes, Stack size 0 bytes, appcolourdetect.o(i.CalculateColourSensorData))
<BR><BR>[Called By]<UL><LI><a href="#[81]">&gt;&gt;</a>&nbsp;&nbsp;&nbsp;CollectColourSensorData
</UL>

<P><STRONG><a name="[81]"></a>CollectColourSensorData</STRONG> (Thumb, 320 bytes, Stack size 48 bytes, appcolourdetect.o(i.CollectColourSensorData))
<BR><BR>[Stack]<UL><LI>Max Depth = 184<LI>Call Chain = CollectColourSensorData &rArr; HAL_I2C_Mem_Write &rArr; I2C_RequestMemoryWrite &rArr; I2C_WaitOnTXISFlagUntilTimeout &rArr; I2C_IsAcknowledgeFailed
</UL>
<BR>[Calls]<UL><LI><a href="#[8a]">&gt;&gt;</a>&nbsp;&nbsp;&nbsp;HAL_I2C_Mem_Write
<LI><a href="#[8f]">&gt;&gt;</a>&nbsp;&nbsp;&nbsp;HAL_I2C_Mem_Read
<LI><a href="#[90]">&gt;&gt;</a>&nbsp;&nbsp;&nbsp;CalculateColourSensorData
<LI><a href="#[8c]">&gt;&gt;</a>&nbsp;&nbsp;&nbsp;HAL_I2C_Init
<LI><a href="#[8e]">&gt;&gt;</a>&nbsp;&nbsp;&nbsp;HAL_I2CEx_ConfigDigitalFilter
<LI><a href="#[8d]">&gt;&gt;</a>&nbsp;&nbsp;&nbsp;HAL_I2CEx_ConfigAnalogFilter
<LI><a href="#[87]">&gt;&gt;</a>&nbsp;&nbsp;&nbsp;HAL_GPIO_WritePin
<LI><a href="#[7c]">&gt;&gt;</a>&nbsp;&nbsp;&nbsp;API_USR_TransmitMessage
<LI><a href="#[8b]">&gt;&gt;</a>&nbsp;&nbsp;&nbsp;_Error_Handler
</UL>
<BR>[Called By]<UL><LI><a href="#[0]">&gt;&gt;</a>&nbsp;&nbsp;&nbsp;StartColourDetectionTest
<LI><a href="#[7]">&gt;&gt;</a>&nbsp;&nbsp;&nbsp;AutoCalibrateSensorGains
</UL>

<P><STRONG><a name="[91]"></a>ColourSensorMenu</STRONG> (Thumb, 212 bytes, Stack size 24 bytes, appcolourdetect.o(i.ColourSensorMenu))
<BR><BR>[Stack]<UL><LI>Max Depth = 88<LI>Call Chain = ColourSensorMenu &rArr; API_USR_TransmitMessage &rArr; HAL_UART_Transmit &rArr; UART_WaitOnFlagUntilTimeout
</UL>
<BR>[Calls]<UL><LI><a href="#[7c]">&gt;&gt;</a>&nbsp;&nbsp;&nbsp;API_USR_TransmitMessage
<LI><a href="#[7d]">&gt;&gt;</a>&nbsp;&nbsp;&nbsp;__2snprintf
</UL>
<BR>[Called By]<UL><LI><a href="#[e]">&gt;&gt;</a>&nbsp;&nbsp;&nbsp;SelectColourSensorMenuOnUart
</UL>

<P><STRONG><a name="[92]"></a>DeleteLine</STRONG> (Thumb, 36 bytes, Stack size 0 bytes, uart2.o(i.DeleteLine))
<BR><BR>[Stack]<UL><LI>Max Depth = 56<LI>Call Chain = DeleteLine &rArr; HAL_UART_Transmit &rArr; UART_WaitOnFlagUntilTimeout
</UL>
<BR>[Calls]<UL><LI><a href="#[7e]">&gt;&gt;</a>&nbsp;&nbsp;&nbsp;HAL_UART_Transmit
</UL>
<BR>[Called By]<UL><LI><a href="#[e0]">&gt;&gt;</a>&nbsp;&nbsp;&nbsp;ReceiveUart
</UL>

<P><STRONG><a name="[cb]"></a>HAL_ADCEx_MultiModeConfigChannel</STRONG> (Thumb, 256 bytes, Stack size 104 bytes, stm32f3xx_hal_adc_ex.o(i.HAL_ADCEx_MultiModeConfigChannel))
<BR><BR>[Stack]<UL><LI>Max Depth = 104<LI>Call Chain = HAL_ADCEx_MultiModeConfigChannel
</UL>
<BR>[Called By]<UL><LI><a href="#[ce]">&gt;&gt;</a>&nbsp;&nbsp;&nbsp;MX_ADC3_Init
<LI><a href="#[ca]">&gt;&gt;</a>&nbsp;&nbsp;&nbsp;MX_ADC1_Init
</UL>

<P><STRONG><a name="[cc]"></a>HAL_ADC_ConfigChannel</STRONG> (Thumb, 884 bytes, Stack size 104 bytes, stm32f3xx_hal_adc_ex.o(i.HAL_ADC_ConfigChannel))
<BR><BR>[Stack]<UL><LI>Max Depth = 104<LI>Call Chain = HAL_ADC_ConfigChannel
</UL>
<BR>[Called By]<UL><LI><a href="#[cf]">&gt;&gt;</a>&nbsp;&nbsp;&nbsp;MX_ADC4_Init
<LI><a href="#[ce]">&gt;&gt;</a>&nbsp;&nbsp;&nbsp;MX_ADC3_Init
<LI><a href="#[cd]">&gt;&gt;</a>&nbsp;&nbsp;&nbsp;MX_ADC2_Init
<LI><a href="#[ca]">&gt;&gt;</a>&nbsp;&nbsp;&nbsp;MX_ADC1_Init
</UL>

<P><STRONG><a name="[93]"></a>HAL_ADC_Init</STRONG> (Thumb, 590 bytes, Stack size 104 bytes, stm32f3xx_hal_adc_ex.o(i.HAL_ADC_Init))
<BR><BR>[Stack]<UL><LI>Max Depth = 192<LI>Call Chain = HAL_ADC_Init &rArr; HAL_ADC_MspInit &rArr; HAL_GPIO_Init
</UL>
<BR>[Calls]<UL><LI><a href="#[94]">&gt;&gt;</a>&nbsp;&nbsp;&nbsp;HAL_ADC_MspInit
<LI><a href="#[7a]">&gt;&gt;</a>&nbsp;&nbsp;&nbsp;ADC_Disable
</UL>
<BR>[Called By]<UL><LI><a href="#[cf]">&gt;&gt;</a>&nbsp;&nbsp;&nbsp;MX_ADC4_Init
<LI><a href="#[ce]">&gt;&gt;</a>&nbsp;&nbsp;&nbsp;MX_ADC3_Init
<LI><a href="#[cd]">&gt;&gt;</a>&nbsp;&nbsp;&nbsp;MX_ADC2_Init
<LI><a href="#[ca]">&gt;&gt;</a>&nbsp;&nbsp;&nbsp;MX_ADC1_Init
</UL>

<P><STRONG><a name="[94]"></a>HAL_ADC_MspInit</STRONG> (Thumb, 218 bytes, Stack size 48 bytes, stm32f3xx_hal_msp.o(i.HAL_ADC_MspInit))
<BR><BR>[Stack]<UL><LI>Max Depth = 88<LI>Call Chain = HAL_ADC_MspInit &rArr; HAL_GPIO_Init
</UL>
<BR>[Calls]<UL><LI><a href="#[86]">&gt;&gt;</a>&nbsp;&nbsp;&nbsp;HAL_GPIO_Init
</UL>
<BR>[Called By]<UL><LI><a href="#[93]">&gt;&gt;</a>&nbsp;&nbsp;&nbsp;HAL_ADC_Init
</UL>

<P><STRONG><a name="[80]"></a>HAL_Delay</STRONG> (Thumb, 32 bytes, Stack size 16 bytes, stm32f3xx_hal.o(i.HAL_Delay))
<BR><BR>[Stack]<UL><LI>Max Depth = 16<LI>Call Chain = HAL_Delay
</UL>
<BR>[Calls]<UL><LI><a href="#[7b]">&gt;&gt;</a>&nbsp;&nbsp;&nbsp;HAL_GetTick
</UL>
<BR>[Called By]<UL><LI><a href="#[9]">&gt;&gt;</a>&nbsp;&nbsp;&nbsp;SetExit
<LI><a href="#[83]">&gt;&gt;</a>&nbsp;&nbsp;&nbsp;TrimOffset
<LI><a href="#[63]">&gt;&gt;</a>&nbsp;&nbsp;&nbsp;main
<LI><a href="#[67]">&gt;&gt;</a>&nbsp;&nbsp;&nbsp;APP_ColourDetect
<LI><a href="#[b]">&gt;&gt;</a>&nbsp;&nbsp;&nbsp;SetTime
<LI><a href="#[a]">&gt;&gt;</a>&nbsp;&nbsp;&nbsp;SetDate
</UL>

<P><STRONG><a name="[86]"></a>HAL_GPIO_Init</STRONG> (Thumb, 422 bytes, Stack size 40 bytes, stm32f3xx_hal_gpio.o(i.HAL_GPIO_Init))
<BR><BR>[Stack]<UL><LI>Max Depth = 40<LI>Call Chain = HAL_GPIO_Init
</UL>
<BR>[Called By]<UL><LI><a href="#[c2]">&gt;&gt;</a>&nbsp;&nbsp;&nbsp;HAL_UART_MspInit
<LI><a href="#[b2]">&gt;&gt;</a>&nbsp;&nbsp;&nbsp;HAL_SPI_MspInit
<LI><a href="#[95]">&gt;&gt;</a>&nbsp;&nbsp;&nbsp;HAL_I2C_MspInit
<LI><a href="#[94]">&gt;&gt;</a>&nbsp;&nbsp;&nbsp;HAL_ADC_MspInit
<LI><a href="#[b6]">&gt;&gt;</a>&nbsp;&nbsp;&nbsp;HAL_TIM_MspPostInit
<LI><a href="#[85]">&gt;&gt;</a>&nbsp;&nbsp;&nbsp;BSP_LED_Init
<LI><a href="#[d0]">&gt;&gt;</a>&nbsp;&nbsp;&nbsp;MX_GPIO_Init
</UL>

<P><STRONG><a name="[89]"></a>HAL_GPIO_ReadPin</STRONG> (Thumb, 10 bytes, Stack size 0 bytes, stm32f3xx_hal_gpio.o(i.HAL_GPIO_ReadPin))
<BR><BR>[Called By]<UL><LI><a href="#[88]">&gt;&gt;</a>&nbsp;&nbsp;&nbsp;BSP_PB_GetState
</UL>

<P><STRONG><a name="[b4]"></a>HAL_GPIO_TogglePin</STRONG> (Thumb, 8 bytes, Stack size 0 bytes, stm32f3xx_hal_gpio.o(i.HAL_GPIO_TogglePin))
<BR><BR>[Called By]<UL><LI><a href="#[b3]">&gt;&gt;</a>&nbsp;&nbsp;&nbsp;HAL_SYSTICK_Callback
</UL>

<P><STRONG><a name="[87]"></a>HAL_GPIO_WritePin</STRONG> (Thumb, 10 bytes, Stack size 0 bytes, stm32f3xx_hal_gpio.o(i.HAL_GPIO_WritePin))
<BR><BR>[Called By]<UL><LI><a href="#[83]">&gt;&gt;</a>&nbsp;&nbsp;&nbsp;TrimOffset
<LI><a href="#[81]">&gt;&gt;</a>&nbsp;&nbsp;&nbsp;CollectColourSensorData
<LI><a href="#[85]">&gt;&gt;</a>&nbsp;&nbsp;&nbsp;BSP_LED_Init
<LI><a href="#[d0]">&gt;&gt;</a>&nbsp;&nbsp;&nbsp;MX_GPIO_Init
</UL>

<P><STRONG><a name="[7b]"></a>HAL_GetTick</STRONG> (Thumb, 6 bytes, Stack size 0 bytes, stm32f3xx_hal.o(i.HAL_GetTick))
<BR><BR>[Called By]<UL><LI><a href="#[7e]">&gt;&gt;</a>&nbsp;&nbsp;&nbsp;HAL_UART_Transmit
<LI><a href="#[c6]">&gt;&gt;</a>&nbsp;&nbsp;&nbsp;HAL_UART_Receive
<LI><a href="#[8a]">&gt;&gt;</a>&nbsp;&nbsp;&nbsp;HAL_I2C_Mem_Write
<LI><a href="#[8f]">&gt;&gt;</a>&nbsp;&nbsp;&nbsp;HAL_I2C_Mem_Read
<LI><a href="#[a6]">&gt;&gt;</a>&nbsp;&nbsp;&nbsp;HAL_RCC_OscConfig
<LI><a href="#[a4]">&gt;&gt;</a>&nbsp;&nbsp;&nbsp;HAL_RCC_ClockConfig
<LI><a href="#[a3]">&gt;&gt;</a>&nbsp;&nbsp;&nbsp;HAL_RCCEx_PeriphCLKConfig
<LI><a href="#[80]">&gt;&gt;</a>&nbsp;&nbsp;&nbsp;HAL_Delay
<LI><a href="#[63]">&gt;&gt;</a>&nbsp;&nbsp;&nbsp;main
<LI><a href="#[9b]">&gt;&gt;</a>&nbsp;&nbsp;&nbsp;I2C_WaitOnTXISFlagUntilTimeout
<LI><a href="#[99]">&gt;&gt;</a>&nbsp;&nbsp;&nbsp;I2C_WaitOnSTOPFlagUntilTimeout
<LI><a href="#[96]">&gt;&gt;</a>&nbsp;&nbsp;&nbsp;I2C_WaitOnFlagUntilTimeout
<LI><a href="#[c8]">&gt;&gt;</a>&nbsp;&nbsp;&nbsp;I2C_IsAcknowledgeFailed
<LI><a href="#[7a]">&gt;&gt;</a>&nbsp;&nbsp;&nbsp;ADC_Disable
<LI><a href="#[ac]">&gt;&gt;</a>&nbsp;&nbsp;&nbsp;RTC_EnterInitMode
<LI><a href="#[ad]">&gt;&gt;</a>&nbsp;&nbsp;&nbsp;HAL_RTC_WaitForSynchro
<LI><a href="#[c7]">&gt;&gt;</a>&nbsp;&nbsp;&nbsp;UART_WaitOnFlagUntilTimeout
<LI><a href="#[c5]">&gt;&gt;</a>&nbsp;&nbsp;&nbsp;UART_CheckIdleState
</UL>

<P><STRONG><a name="[8d]"></a>HAL_I2CEx_ConfigAnalogFilter</STRONG> (Thumb, 86 bytes, Stack size 0 bytes, stm32f3xx_hal_i2c_ex.o(i.HAL_I2CEx_ConfigAnalogFilter))
<BR><BR>[Called By]<UL><LI><a href="#[81]">&gt;&gt;</a>&nbsp;&nbsp;&nbsp;CollectColourSensorData
<LI><a href="#[d2]">&gt;&gt;</a>&nbsp;&nbsp;&nbsp;MX_I2C2_Init
<LI><a href="#[d1]">&gt;&gt;</a>&nbsp;&nbsp;&nbsp;MX_I2C1_Init
</UL>

<P><STRONG><a name="[8e]"></a>HAL_I2CEx_ConfigDigitalFilter</STRONG> (Thumb, 82 bytes, Stack size 0 bytes, stm32f3xx_hal_i2c_ex.o(i.HAL_I2CEx_ConfigDigitalFilter))
<BR><BR>[Called By]<UL><LI><a href="#[81]">&gt;&gt;</a>&nbsp;&nbsp;&nbsp;CollectColourSensorData
<LI><a href="#[d2]">&gt;&gt;</a>&nbsp;&nbsp;&nbsp;MX_I2C2_Init
<LI><a href="#[d1]">&gt;&gt;</a>&nbsp;&nbsp;&nbsp;MX_I2C1_Init
</UL>

<P><STRONG><a name="[e2]"></a>HAL_I2C_GetState</STRONG> (Thumb, 6 bytes, Stack size 0 bytes, stm32f3xx_hal_i2c.o(i.HAL_I2C_GetState))
<BR><BR>[Called By]<UL><LI><a href="#[e]">&gt;&gt;</a>&nbsp;&nbsp;&nbsp;SelectColourSensorMenuOnUart
</UL>

<P><STRONG><a name="[8c]"></a>HAL_I2C_Init</STRONG> (Thumb, 178 bytes, Stack size 16 bytes, stm32f3xx_hal_i2c.o(i.HAL_I2C_Init))
<BR><BR>[Stack]<UL><LI>Max Depth = 104<LI>Call Chain = HAL_I2C_Init &rArr; HAL_I2C_MspInit &rArr; HAL_GPIO_Init
</UL>
<BR>[Calls]<UL><LI><a href="#[95]">&gt;&gt;</a>&nbsp;&nbsp;&nbsp;HAL_I2C_MspInit
</UL>
<BR>[Called By]<UL><LI><a href="#[81]">&gt;&gt;</a>&nbsp;&nbsp;&nbsp;CollectColourSensorData
<LI><a href="#[d2]">&gt;&gt;</a>&nbsp;&nbsp;&nbsp;MX_I2C2_Init
<LI><a href="#[d1]">&gt;&gt;</a>&nbsp;&nbsp;&nbsp;MX_I2C1_Init
</UL>

<P><STRONG><a name="[8f]"></a>HAL_I2C_Mem_Read</STRONG> (Thumb, 358 bytes, Stack size 64 bytes, stm32f3xx_hal_i2c.o(i.HAL_I2C_Mem_Read))
<BR><BR>[Stack]<UL><LI>Max Depth = 136<LI>Call Chain = HAL_I2C_Mem_Read &rArr; I2C_RequestMemoryRead &rArr; I2C_WaitOnTXISFlagUntilTimeout &rArr; I2C_IsAcknowledgeFailed
</UL>
<BR>[Calls]<UL><LI><a href="#[7b]">&gt;&gt;</a>&nbsp;&nbsp;&nbsp;HAL_GetTick
<LI><a href="#[99]">&gt;&gt;</a>&nbsp;&nbsp;&nbsp;I2C_WaitOnSTOPFlagUntilTimeout
<LI><a href="#[96]">&gt;&gt;</a>&nbsp;&nbsp;&nbsp;I2C_WaitOnFlagUntilTimeout
<LI><a href="#[98]">&gt;&gt;</a>&nbsp;&nbsp;&nbsp;I2C_TransferConfig
<LI><a href="#[97]">&gt;&gt;</a>&nbsp;&nbsp;&nbsp;I2C_RequestMemoryRead
</UL>
<BR>[Called By]<UL><LI><a href="#[83]">&gt;&gt;</a>&nbsp;&nbsp;&nbsp;TrimOffset
<LI><a href="#[de]">&gt;&gt;</a>&nbsp;&nbsp;&nbsp;ReadColourSensorSetting
<LI><a href="#[81]">&gt;&gt;</a>&nbsp;&nbsp;&nbsp;CollectColourSensorData
</UL>

<P><STRONG><a name="[8a]"></a>HAL_I2C_Mem_Write</STRONG> (Thumb, 354 bytes, Stack size 64 bytes, stm32f3xx_hal_i2c.o(i.HAL_I2C_Mem_Write))
<BR><BR>[Stack]<UL><LI>Max Depth = 136<LI>Call Chain = HAL_I2C_Mem_Write &rArr; I2C_RequestMemoryWrite &rArr; I2C_WaitOnTXISFlagUntilTimeout &rArr; I2C_IsAcknowledgeFailed
</UL>
<BR>[Calls]<UL><LI><a href="#[7b]">&gt;&gt;</a>&nbsp;&nbsp;&nbsp;HAL_GetTick
<LI><a href="#[9b]">&gt;&gt;</a>&nbsp;&nbsp;&nbsp;I2C_WaitOnTXISFlagUntilTimeout
<LI><a href="#[99]">&gt;&gt;</a>&nbsp;&nbsp;&nbsp;I2C_WaitOnSTOPFlagUntilTimeout
<LI><a href="#[96]">&gt;&gt;</a>&nbsp;&nbsp;&nbsp;I2C_WaitOnFlagUntilTimeout
<LI><a href="#[98]">&gt;&gt;</a>&nbsp;&nbsp;&nbsp;I2C_TransferConfig
<LI><a href="#[9a]">&gt;&gt;</a>&nbsp;&nbsp;&nbsp;I2C_RequestMemoryWrite
</UL>
<BR>[Called By]<UL><LI><a href="#[83]">&gt;&gt;</a>&nbsp;&nbsp;&nbsp;TrimOffset
<LI><a href="#[82]">&gt;&gt;</a>&nbsp;&nbsp;&nbsp;SetSensorGains
<LI><a href="#[2]">&gt;&gt;</a>&nbsp;&nbsp;&nbsp;SetRedGain
<LI><a href="#[3]">&gt;&gt;</a>&nbsp;&nbsp;&nbsp;SetGreenGain
<LI><a href="#[6]">&gt;&gt;</a>&nbsp;&nbsp;&nbsp;SetDefaultGain
<LI><a href="#[5]">&gt;&gt;</a>&nbsp;&nbsp;&nbsp;SetClearGain
<LI><a href="#[4]">&gt;&gt;</a>&nbsp;&nbsp;&nbsp;SetBlueGain
<LI><a href="#[df]">&gt;&gt;</a>&nbsp;&nbsp;&nbsp;SelectCapacitorAmount
<LI><a href="#[81]">&gt;&gt;</a>&nbsp;&nbsp;&nbsp;CollectColourSensorData
</UL>

<P><STRONG><a name="[95]"></a>HAL_I2C_MspInit</STRONG> (Thumb, 124 bytes, Stack size 48 bytes, stm32f3xx_hal_msp.o(i.HAL_I2C_MspInit))
<BR><BR>[Stack]<UL><LI>Max Depth = 88<LI>Call Chain = HAL_I2C_MspInit &rArr; HAL_GPIO_Init
</UL>
<BR>[Calls]<UL><LI><a href="#[86]">&gt;&gt;</a>&nbsp;&nbsp;&nbsp;HAL_GPIO_Init
</UL>
<BR>[Called By]<UL><LI><a href="#[8c]">&gt;&gt;</a>&nbsp;&nbsp;&nbsp;HAL_I2C_Init
</UL>

<P><STRONG><a name="[e5]"></a>HAL_IncTick</STRONG> (Thumb, 12 bytes, Stack size 0 bytes, stm32f3xx_hal.o(i.HAL_IncTick))
<BR><BR>[Called By]<UL><LI><a href="#[18]">&gt;&gt;</a>&nbsp;&nbsp;&nbsp;SysTick_Handler
</UL>

<P><STRONG><a name="[9c]"></a>HAL_Init</STRONG> (Thumb, 32 bytes, Stack size 8 bytes, stm32f3xx_hal.o(i.HAL_Init))
<BR><BR>[Stack]<UL><LI>Max Depth = 40<LI>Call Chain = HAL_Init &rArr; HAL_InitTick &rArr; HAL_NVIC_SetPriority
</UL>
<BR>[Calls]<UL><LI><a href="#[9d]">&gt;&gt;</a>&nbsp;&nbsp;&nbsp;HAL_NVIC_SetPriorityGrouping
<LI><a href="#[9f]">&gt;&gt;</a>&nbsp;&nbsp;&nbsp;HAL_MspInit
<LI><a href="#[9e]">&gt;&gt;</a>&nbsp;&nbsp;&nbsp;HAL_InitTick
</UL>
<BR>[Called By]<UL><LI><a href="#[63]">&gt;&gt;</a>&nbsp;&nbsp;&nbsp;main
</UL>

<P><STRONG><a name="[9e]"></a>HAL_InitTick</STRONG> (Thumb, 54 bytes, Stack size 16 bytes, stm32f3xx_hal.o(i.HAL_InitTick))
<BR><BR>[Stack]<UL><LI>Max Depth = 32<LI>Call Chain = HAL_InitTick &rArr; HAL_NVIC_SetPriority
</UL>
<BR>[Calls]<UL><LI><a href="#[a0]">&gt;&gt;</a>&nbsp;&nbsp;&nbsp;HAL_SYSTICK_Config
<LI><a href="#[a1]">&gt;&gt;</a>&nbsp;&nbsp;&nbsp;HAL_NVIC_SetPriority
</UL>
<BR>[Called By]<UL><LI><a href="#[a4]">&gt;&gt;</a>&nbsp;&nbsp;&nbsp;HAL_RCC_ClockConfig
<LI><a href="#[9c]">&gt;&gt;</a>&nbsp;&nbsp;&nbsp;HAL_Init
</UL>

<P><STRONG><a name="[9f]"></a>HAL_MspInit</STRONG> (Thumb, 122 bytes, Stack size 8 bytes, stm32f3xx_hal_msp.o(i.HAL_MspInit))
<BR><BR>[Stack]<UL><LI>Max Depth = 24<LI>Call Chain = HAL_MspInit &rArr; HAL_NVIC_SetPriority
</UL>
<BR>[Calls]<UL><LI><a href="#[9d]">&gt;&gt;</a>&nbsp;&nbsp;&nbsp;HAL_NVIC_SetPriorityGrouping
<LI><a href="#[a1]">&gt;&gt;</a>&nbsp;&nbsp;&nbsp;HAL_NVIC_SetPriority
</UL>
<BR>[Called By]<UL><LI><a href="#[9c]">&gt;&gt;</a>&nbsp;&nbsp;&nbsp;HAL_Init
</UL>

<P><STRONG><a name="[a1]"></a>HAL_NVIC_SetPriority</STRONG> (Thumb, 60 bytes, Stack size 16 bytes, stm32f3xx_hal_cortex.o(i.HAL_NVIC_SetPriority))
<BR><BR>[Stack]<UL><LI>Max Depth = 16<LI>Call Chain = HAL_NVIC_SetPriority
</UL>
<BR>[Calls]<UL><LI><a href="#[a2]">&gt;&gt;</a>&nbsp;&nbsp;&nbsp;NVIC_SetPriority
</UL>
<BR>[Called By]<UL><LI><a href="#[9f]">&gt;&gt;</a>&nbsp;&nbsp;&nbsp;HAL_MspInit
<LI><a href="#[e6]">&gt;&gt;</a>&nbsp;&nbsp;&nbsp;SystemClock_Config
<LI><a href="#[9e]">&gt;&gt;</a>&nbsp;&nbsp;&nbsp;HAL_InitTick
</UL>

<P><STRONG><a name="[9d]"></a>HAL_NVIC_SetPriorityGrouping</STRONG> (Thumb, 26 bytes, Stack size 0 bytes, stm32f3xx_hal_cortex.o(i.HAL_NVIC_SetPriorityGrouping))
<BR><BR>[Called By]<UL><LI><a href="#[9f]">&gt;&gt;</a>&nbsp;&nbsp;&nbsp;HAL_MspInit
<LI><a href="#[9c]">&gt;&gt;</a>&nbsp;&nbsp;&nbsp;HAL_Init
</UL>

<P><STRONG><a name="[e7]"></a>HAL_PWR_EnableBkUpAccess</STRONG> (Thumb, 12 bytes, Stack size 0 bytes, stm32f3xx_hal_pwr.o(i.HAL_PWR_EnableBkUpAccess))
<BR><BR>[Called By]<UL><LI><a href="#[e6]">&gt;&gt;</a>&nbsp;&nbsp;&nbsp;SystemClock_Config
</UL>

<P><STRONG><a name="[a3]"></a>HAL_RCCEx_PeriphCLKConfig</STRONG> (Thumb, 648 bytes, Stack size 40 bytes, stm32f3xx_hal_rcc_ex.o(i.HAL_RCCEx_PeriphCLKConfig))
<BR><BR>[Stack]<UL><LI>Max Depth = 40<LI>Call Chain = HAL_RCCEx_PeriphCLKConfig
</UL>
<BR>[Calls]<UL><LI><a href="#[7b]">&gt;&gt;</a>&nbsp;&nbsp;&nbsp;HAL_GetTick
</UL>
<BR>[Called By]<UL><LI><a href="#[e6]">&gt;&gt;</a>&nbsp;&nbsp;&nbsp;SystemClock_Config
</UL>

<P><STRONG><a name="[a4]"></a>HAL_RCC_ClockConfig</STRONG> (Thumb, 306 bytes, Stack size 32 bytes, stm32f3xx_hal_rcc.o(i.HAL_RCC_ClockConfig))
<BR><BR>[Stack]<UL><LI>Max Depth = 64<LI>Call Chain = HAL_RCC_ClockConfig &rArr; HAL_InitTick &rArr; HAL_NVIC_SetPriority
</UL>
<BR>[Calls]<UL><LI><a href="#[7b]">&gt;&gt;</a>&nbsp;&nbsp;&nbsp;HAL_GetTick
<LI><a href="#[9e]">&gt;&gt;</a>&nbsp;&nbsp;&nbsp;HAL_InitTick
<LI><a href="#[a5]">&gt;&gt;</a>&nbsp;&nbsp;&nbsp;HAL_RCC_GetSysClockFreq
</UL>
<BR>[Called By]<UL><LI><a href="#[e6]">&gt;&gt;</a>&nbsp;&nbsp;&nbsp;SystemClock_Config
</UL>

<P><STRONG><a name="[e8]"></a>HAL_RCC_GetHCLKFreq</STRONG> (Thumb, 6 bytes, Stack size 0 bytes, stm32f3xx_hal_rcc.o(i.HAL_RCC_GetHCLKFreq))
<BR><BR>[Called By]<UL><LI><a href="#[e6]">&gt;&gt;</a>&nbsp;&nbsp;&nbsp;SystemClock_Config
</UL>

<P><STRONG><a name="[ea]"></a>HAL_RCC_GetPCLK1Freq</STRONG> (Thumb, 34 bytes, Stack size 0 bytes, stm32f3xx_hal_rcc.o(i.HAL_RCC_GetPCLK1Freq))
<BR><BR>[Called By]<UL><LI><a href="#[c3]">&gt;&gt;</a>&nbsp;&nbsp;&nbsp;UART_SetConfig
</UL>

<P><STRONG><a name="[eb]"></a>HAL_RCC_GetPCLK2Freq</STRONG> (Thumb, 34 bytes, Stack size 0 bytes, stm32f3xx_hal_rcc.o(i.HAL_RCC_GetPCLK2Freq))
<BR><BR>[Called By]<UL><LI><a href="#[c3]">&gt;&gt;</a>&nbsp;&nbsp;&nbsp;UART_SetConfig
</UL>

<P><STRONG><a name="[a5]"></a>HAL_RCC_GetSysClockFreq</STRONG> (Thumb, 76 bytes, Stack size 8 bytes, stm32f3xx_hal_rcc.o(i.HAL_RCC_GetSysClockFreq))
<BR><BR>[Stack]<UL><LI>Max Depth = 8<LI>Call Chain = HAL_RCC_GetSysClockFreq
</UL>
<BR>[Called By]<UL><LI><a href="#[a4]">&gt;&gt;</a>&nbsp;&nbsp;&nbsp;HAL_RCC_ClockConfig
<LI><a href="#[c3]">&gt;&gt;</a>&nbsp;&nbsp;&nbsp;UART_SetConfig
</UL>

<P><STRONG><a name="[a6]"></a>HAL_RCC_OscConfig</STRONG> (Thumb, 1432 bytes, Stack size 40 bytes, stm32f3xx_hal_rcc.o(i.HAL_RCC_OscConfig))
<BR><BR>[Stack]<UL><LI>Max Depth = 40<LI>Call Chain = HAL_RCC_OscConfig
</UL>
<BR>[Calls]<UL><LI><a href="#[7b]">&gt;&gt;</a>&nbsp;&nbsp;&nbsp;HAL_GetTick
</UL>
<BR>[Called By]<UL><LI><a href="#[e6]">&gt;&gt;</a>&nbsp;&nbsp;&nbsp;SystemClock_Config
</UL>

<P><STRONG><a name="[a7]"></a>HAL_RTC_GetDate</STRONG> (Thumb, 62 bytes, Stack size 8 bytes, stm32f3xx_hal_rtc.o(i.HAL_RTC_GetDate))
<BR><BR>[Stack]<UL><LI>Max Depth = 8<LI>Call Chain = HAL_RTC_GetDate
</UL>
<BR>[Calls]<UL><LI><a href="#[a8]">&gt;&gt;</a>&nbsp;&nbsp;&nbsp;RTC_Bcd2ToByte
</UL>
<BR>[Called By]<UL><LI><a href="#[a]">&gt;&gt;</a>&nbsp;&nbsp;&nbsp;SetDate
</UL>

<P><STRONG><a name="[e3]"></a>HAL_RTC_GetState</STRONG> (Thumb, 4 bytes, Stack size 0 bytes, stm32f3xx_hal_rtc.o(i.HAL_RTC_GetState))
<BR><BR>[Called By]<UL><LI><a href="#[a]">&gt;&gt;</a>&nbsp;&nbsp;&nbsp;SetDate
</UL>

<P><STRONG><a name="[a9]"></a>HAL_RTC_GetTime</STRONG> (Thumb, 82 bytes, Stack size 8 bytes, stm32f3xx_hal_rtc.o(i.HAL_RTC_GetTime))
<BR><BR>[Stack]<UL><LI>Max Depth = 8<LI>Call Chain = HAL_RTC_GetTime
</UL>
<BR>[Calls]<UL><LI><a href="#[a8]">&gt;&gt;</a>&nbsp;&nbsp;&nbsp;RTC_Bcd2ToByte
</UL>
<BR>[Called By]<UL><LI><a href="#[a]">&gt;&gt;</a>&nbsp;&nbsp;&nbsp;SetDate
</UL>

<P><STRONG><a name="[aa]"></a>HAL_RTC_Init</STRONG> (Thumb, 166 bytes, Stack size 16 bytes, stm32f3xx_hal_rtc.o(i.HAL_RTC_Init))
<BR><BR>[Stack]<UL><LI>Max Depth = 32<LI>Call Chain = HAL_RTC_Init &rArr; RTC_EnterInitMode
</UL>
<BR>[Calls]<UL><LI><a href="#[ab]">&gt;&gt;</a>&nbsp;&nbsp;&nbsp;HAL_RTC_MspInit
<LI><a href="#[ac]">&gt;&gt;</a>&nbsp;&nbsp;&nbsp;RTC_EnterInitMode
<LI><a href="#[ad]">&gt;&gt;</a>&nbsp;&nbsp;&nbsp;HAL_RTC_WaitForSynchro
</UL>
<BR>[Called By]<UL><LI><a href="#[d3]">&gt;&gt;</a>&nbsp;&nbsp;&nbsp;MX_RTC_Init
</UL>

<P><STRONG><a name="[ab]"></a>HAL_RTC_MspInit</STRONG> (Thumb, 32 bytes, Stack size 0 bytes, stm32f3xx_hal_msp.o(i.HAL_RTC_MspInit))
<BR><BR>[Called By]<UL><LI><a href="#[aa]">&gt;&gt;</a>&nbsp;&nbsp;&nbsp;HAL_RTC_Init
</UL>

<P><STRONG><a name="[ae]"></a>HAL_RTC_SetDate</STRONG> (Thumb, 194 bytes, Stack size 32 bytes, stm32f3xx_hal_rtc.o(i.HAL_RTC_SetDate))
<BR><BR>[Stack]<UL><LI>Max Depth = 48<LI>Call Chain = HAL_RTC_SetDate &rArr; RTC_EnterInitMode
</UL>
<BR>[Calls]<UL><LI><a href="#[ac]">&gt;&gt;</a>&nbsp;&nbsp;&nbsp;RTC_EnterInitMode
<LI><a href="#[af]">&gt;&gt;</a>&nbsp;&nbsp;&nbsp;RTC_ByteToBcd2
<LI><a href="#[ad]">&gt;&gt;</a>&nbsp;&nbsp;&nbsp;HAL_RTC_WaitForSynchro
</UL>
<BR>[Called By]<UL><LI><a href="#[d3]">&gt;&gt;</a>&nbsp;&nbsp;&nbsp;MX_RTC_Init
<LI><a href="#[a]">&gt;&gt;</a>&nbsp;&nbsp;&nbsp;SetDate
</UL>

<P><STRONG><a name="[b0]"></a>HAL_RTC_SetTime</STRONG> (Thumb, 236 bytes, Stack size 32 bytes, stm32f3xx_hal_rtc.o(i.HAL_RTC_SetTime))
<BR><BR>[Stack]<UL><LI>Max Depth = 48<LI>Call Chain = HAL_RTC_SetTime &rArr; RTC_EnterInitMode
</UL>
<BR>[Calls]<UL><LI><a href="#[ac]">&gt;&gt;</a>&nbsp;&nbsp;&nbsp;RTC_EnterInitMode
<LI><a href="#[af]">&gt;&gt;</a>&nbsp;&nbsp;&nbsp;RTC_ByteToBcd2
<LI><a href="#[a8]">&gt;&gt;</a>&nbsp;&nbsp;&nbsp;RTC_Bcd2ToByte
<LI><a href="#[ad]">&gt;&gt;</a>&nbsp;&nbsp;&nbsp;HAL_RTC_WaitForSynchro
</UL>
<BR>[Called By]<UL><LI><a href="#[d3]">&gt;&gt;</a>&nbsp;&nbsp;&nbsp;MX_RTC_Init
<LI><a href="#[b]">&gt;&gt;</a>&nbsp;&nbsp;&nbsp;SetTime
</UL>

<P><STRONG><a name="[ad]"></a>HAL_RTC_WaitForSynchro</STRONG> (Thumb, 54 bytes, Stack size 16 bytes, stm32f3xx_hal_rtc.o(i.HAL_RTC_WaitForSynchro))
<BR><BR>[Stack]<UL><LI>Max Depth = 16<LI>Call Chain = HAL_RTC_WaitForSynchro
</UL>
<BR>[Calls]<UL><LI><a href="#[7b]">&gt;&gt;</a>&nbsp;&nbsp;&nbsp;HAL_GetTick
</UL>
<BR>[Called By]<UL><LI><a href="#[b0]">&gt;&gt;</a>&nbsp;&nbsp;&nbsp;HAL_RTC_SetTime
<LI><a href="#[ae]">&gt;&gt;</a>&nbsp;&nbsp;&nbsp;HAL_RTC_SetDate
<LI><a href="#[aa]">&gt;&gt;</a>&nbsp;&nbsp;&nbsp;HAL_RTC_Init
</UL>

<P><STRONG><a name="[b1]"></a>HAL_SPI_Init</STRONG> (Thumb, 182 bytes, Stack size 24 bytes, stm32f3xx_hal_spi.o(i.HAL_SPI_Init))
<BR><BR>[Stack]<UL><LI>Max Depth = 96<LI>Call Chain = HAL_SPI_Init &rArr; HAL_SPI_MspInit &rArr; HAL_GPIO_Init
</UL>
<BR>[Calls]<UL><LI><a href="#[b2]">&gt;&gt;</a>&nbsp;&nbsp;&nbsp;HAL_SPI_MspInit
</UL>
<BR>[Called By]<UL><LI><a href="#[d4]">&gt;&gt;</a>&nbsp;&nbsp;&nbsp;MX_SPI2_Init
</UL>

<P><STRONG><a name="[b2]"></a>HAL_SPI_MspInit</STRONG> (Thumb, 64 bytes, Stack size 32 bytes, stm32f3xx_hal_msp.o(i.HAL_SPI_MspInit))
<BR><BR>[Stack]<UL><LI>Max Depth = 72<LI>Call Chain = HAL_SPI_MspInit &rArr; HAL_GPIO_Init
</UL>
<BR>[Calls]<UL><LI><a href="#[86]">&gt;&gt;</a>&nbsp;&nbsp;&nbsp;HAL_GPIO_Init
</UL>
<BR>[Called By]<UL><LI><a href="#[b1]">&gt;&gt;</a>&nbsp;&nbsp;&nbsp;HAL_SPI_Init
</UL>

<P><STRONG><a name="[e9]"></a>HAL_SYSTICK_CLKSourceConfig</STRONG> (Thumb, 24 bytes, Stack size 0 bytes, stm32f3xx_hal_cortex.o(i.HAL_SYSTICK_CLKSourceConfig))
<BR><BR>[Called By]<UL><LI><a href="#[e6]">&gt;&gt;</a>&nbsp;&nbsp;&nbsp;SystemClock_Config
</UL>

<P><STRONG><a name="[b3]"></a>HAL_SYSTICK_Callback</STRONG> (Thumb, 114 bytes, Stack size 16 bytes, main.o(i.HAL_SYSTICK_Callback))
<BR><BR>[Stack]<UL><LI>Max Depth = 16<LI>Call Chain = HAL_SYSTICK_Callback
</UL>
<BR>[Calls]<UL><LI><a href="#[b4]">&gt;&gt;</a>&nbsp;&nbsp;&nbsp;HAL_GPIO_TogglePin
</UL>
<BR>[Called By]<UL><LI><a href="#[b5]">&gt;&gt;</a>&nbsp;&nbsp;&nbsp;HAL_SYSTICK_IRQHandler
</UL>

<P><STRONG><a name="[a0]"></a>HAL_SYSTICK_Config</STRONG> (Thumb, 40 bytes, Stack size 8 bytes, stm32f3xx_hal_cortex.o(i.HAL_SYSTICK_Config))
<BR><BR>[Stack]<UL><LI>Max Depth = 8<LI>Call Chain = HAL_SYSTICK_Config
</UL>
<BR>[Calls]<UL><LI><a href="#[a2]">&gt;&gt;</a>&nbsp;&nbsp;&nbsp;NVIC_SetPriority
</UL>
<BR>[Called By]<UL><LI><a href="#[e6]">&gt;&gt;</a>&nbsp;&nbsp;&nbsp;SystemClock_Config
<LI><a href="#[9e]">&gt;&gt;</a>&nbsp;&nbsp;&nbsp;HAL_InitTick
</UL>

<P><STRONG><a name="[b5]"></a>HAL_SYSTICK_IRQHandler</STRONG> (Thumb, 8 bytes, Stack size 8 bytes, stm32f3xx_hal_cortex.o(i.HAL_SYSTICK_IRQHandler))
<BR><BR>[Stack]<UL><LI>Max Depth = 24<LI>Call Chain = HAL_SYSTICK_IRQHandler &rArr; HAL_SYSTICK_Callback
</UL>
<BR>[Calls]<UL><LI><a href="#[b3]">&gt;&gt;</a>&nbsp;&nbsp;&nbsp;HAL_SYSTICK_Callback
</UL>
<BR>[Called By]<UL><LI><a href="#[18]">&gt;&gt;</a>&nbsp;&nbsp;&nbsp;SysTick_Handler
</UL>

<P><STRONG><a name="[d6]"></a>HAL_TIMEx_MasterConfigSynchronization</STRONG> (Thumb, 84 bytes, Stack size 12 bytes, stm32f3xx_hal_tim_ex.o(i.HAL_TIMEx_MasterConfigSynchronization))
<BR><BR>[Stack]<UL><LI>Max Depth = 12<LI>Call Chain = HAL_TIMEx_MasterConfigSynchronization
</UL>
<BR>[Called By]<UL><LI><a href="#[d5]">&gt;&gt;</a>&nbsp;&nbsp;&nbsp;MX_TIM4_Init
</UL>

<P><STRONG><a name="[b6]"></a>HAL_TIM_MspPostInit</STRONG> (Thumb, 46 bytes, Stack size 24 bytes, stm32f3xx_hal_msp.o(i.HAL_TIM_MspPostInit))
<BR><BR>[Stack]<UL><LI>Max Depth = 64<LI>Call Chain = HAL_TIM_MspPostInit &rArr; HAL_GPIO_Init
</UL>
<BR>[Calls]<UL><LI><a href="#[86]">&gt;&gt;</a>&nbsp;&nbsp;&nbsp;HAL_GPIO_Init
</UL>
<BR>[Called By]<UL><LI><a href="#[d5]">&gt;&gt;</a>&nbsp;&nbsp;&nbsp;MX_TIM4_Init
</UL>

<P><STRONG><a name="[b7]"></a>HAL_TIM_PWM_ConfigChannel</STRONG> (Thumb, 296 bytes, Stack size 16 bytes, stm32f3xx_hal_tim_ex.o(i.HAL_TIM_PWM_ConfigChannel))
<BR><BR>[Stack]<UL><LI>Max Depth = 48<LI>Call Chain = HAL_TIM_PWM_ConfigChannel &rArr; TIM_OC1_SetConfig
</UL>
<BR>[Calls]<UL><LI><a href="#[bd]">&gt;&gt;</a>&nbsp;&nbsp;&nbsp;TIM_OC6_SetConfig
<LI><a href="#[bc]">&gt;&gt;</a>&nbsp;&nbsp;&nbsp;TIM_OC5_SetConfig
<LI><a href="#[bb]">&gt;&gt;</a>&nbsp;&nbsp;&nbsp;TIM_OC4_SetConfig
<LI><a href="#[ba]">&gt;&gt;</a>&nbsp;&nbsp;&nbsp;TIM_OC3_SetConfig
<LI><a href="#[b9]">&gt;&gt;</a>&nbsp;&nbsp;&nbsp;TIM_OC2_SetConfig
<LI><a href="#[b8]">&gt;&gt;</a>&nbsp;&nbsp;&nbsp;TIM_OC1_SetConfig
</UL>
<BR>[Called By]<UL><LI><a href="#[d5]">&gt;&gt;</a>&nbsp;&nbsp;&nbsp;MX_TIM4_Init
</UL>

<P><STRONG><a name="[be]"></a>HAL_TIM_PWM_Init</STRONG> (Thumb, 54 bytes, Stack size 8 bytes, stm32f3xx_hal_tim.o(i.HAL_TIM_PWM_Init))
<BR><BR>[Stack]<UL><LI>Max Depth = 40<LI>Call Chain = HAL_TIM_PWM_Init &rArr; TIM_Base_SetConfig
</UL>
<BR>[Calls]<UL><LI><a href="#[bf]">&gt;&gt;</a>&nbsp;&nbsp;&nbsp;HAL_TIM_PWM_MspInit
<LI><a href="#[c0]">&gt;&gt;</a>&nbsp;&nbsp;&nbsp;TIM_Base_SetConfig
</UL>
<BR>[Called By]<UL><LI><a href="#[d5]">&gt;&gt;</a>&nbsp;&nbsp;&nbsp;MX_TIM4_Init
</UL>

<P><STRONG><a name="[bf]"></a>HAL_TIM_PWM_MspInit</STRONG> (Thumb, 30 bytes, Stack size 8 bytes, stm32f3xx_hal_msp.o(i.HAL_TIM_PWM_MspInit))
<BR><BR>[Stack]<UL><LI>Max Depth = 8<LI>Call Chain = HAL_TIM_PWM_MspInit
</UL>
<BR>[Called By]<UL><LI><a href="#[be]">&gt;&gt;</a>&nbsp;&nbsp;&nbsp;HAL_TIM_PWM_Init
</UL>

<P><STRONG><a name="[c1]"></a>HAL_UART_Init</STRONG> (Thumb, 106 bytes, Stack size 8 bytes, stm32f3xx_hal_uart.o(i.HAL_UART_Init))
<BR><BR>[Stack]<UL><LI>Max Depth = 96<LI>Call Chain = HAL_UART_Init &rArr; HAL_UART_MspInit &rArr; HAL_GPIO_Init
</UL>
<BR>[Calls]<UL><LI><a href="#[c2]">&gt;&gt;</a>&nbsp;&nbsp;&nbsp;HAL_UART_MspInit
<LI><a href="#[c3]">&gt;&gt;</a>&nbsp;&nbsp;&nbsp;UART_SetConfig
<LI><a href="#[c5]">&gt;&gt;</a>&nbsp;&nbsp;&nbsp;UART_CheckIdleState
<LI><a href="#[c4]">&gt;&gt;</a>&nbsp;&nbsp;&nbsp;UART_AdvFeatureConfig
</UL>
<BR>[Called By]<UL><LI><a href="#[db]">&gt;&gt;</a>&nbsp;&nbsp;&nbsp;MX_USART3_UART_Init
<LI><a href="#[da]">&gt;&gt;</a>&nbsp;&nbsp;&nbsp;MX_USART2_UART_Init
<LI><a href="#[d9]">&gt;&gt;</a>&nbsp;&nbsp;&nbsp;MX_USART1_UART_Init
<LI><a href="#[d8]">&gt;&gt;</a>&nbsp;&nbsp;&nbsp;MX_UART5_Init
<LI><a href="#[d7]">&gt;&gt;</a>&nbsp;&nbsp;&nbsp;MX_UART4_Init
</UL>

<P><STRONG><a name="[c2]"></a>HAL_UART_MspInit</STRONG> (Thumb, 238 bytes, Stack size 48 bytes, stm32f3xx_hal_msp.o(i.HAL_UART_MspInit))
<BR><BR>[Stack]<UL><LI>Max Depth = 88<LI>Call Chain = HAL_UART_MspInit &rArr; HAL_GPIO_Init
</UL>
<BR>[Calls]<UL><LI><a href="#[86]">&gt;&gt;</a>&nbsp;&nbsp;&nbsp;HAL_GPIO_Init
</UL>
<BR>[Called By]<UL><LI><a href="#[c1]">&gt;&gt;</a>&nbsp;&nbsp;&nbsp;HAL_UART_Init
</UL>

<P><STRONG><a name="[c6]"></a>HAL_UART_Receive</STRONG> (Thumb, 230 bytes, Stack size 40 bytes, stm32f3xx_hal_uart.o(i.HAL_UART_Receive))
<BR><BR>[Stack]<UL><LI>Max Depth = 64<LI>Call Chain = HAL_UART_Receive &rArr; UART_WaitOnFlagUntilTimeout
</UL>
<BR>[Calls]<UL><LI><a href="#[7b]">&gt;&gt;</a>&nbsp;&nbsp;&nbsp;HAL_GetTick
<LI><a href="#[c7]">&gt;&gt;</a>&nbsp;&nbsp;&nbsp;UART_WaitOnFlagUntilTimeout
</UL>
<BR>[Called By]<UL><LI><a href="#[e0]">&gt;&gt;</a>&nbsp;&nbsp;&nbsp;ReceiveUart
<LI><a href="#[0]">&gt;&gt;</a>&nbsp;&nbsp;&nbsp;StartColourDetectionTest
</UL>

<P><STRONG><a name="[7e]"></a>HAL_UART_Transmit</STRONG> (Thumb, 180 bytes, Stack size 32 bytes, stm32f3xx_hal_uart.o(i.HAL_UART_Transmit))
<BR><BR>[Stack]<UL><LI>Max Depth = 56<LI>Call Chain = HAL_UART_Transmit &rArr; UART_WaitOnFlagUntilTimeout
</UL>
<BR>[Calls]<UL><LI><a href="#[7b]">&gt;&gt;</a>&nbsp;&nbsp;&nbsp;HAL_GetTick
<LI><a href="#[c7]">&gt;&gt;</a>&nbsp;&nbsp;&nbsp;UART_WaitOnFlagUntilTimeout
</UL>
<BR>[Called By]<UL><LI><a href="#[e0]">&gt;&gt;</a>&nbsp;&nbsp;&nbsp;ReceiveUart
<LI><a href="#[0]">&gt;&gt;</a>&nbsp;&nbsp;&nbsp;StartColourDetectionTest
<LI><a href="#[e]">&gt;&gt;</a>&nbsp;&nbsp;&nbsp;SelectColourSensorMenuOnUart
<LI><a href="#[8]">&gt;&gt;</a>&nbsp;&nbsp;&nbsp;SelectTopMenuOnUart
<LI><a href="#[7c]">&gt;&gt;</a>&nbsp;&nbsp;&nbsp;API_USR_TransmitMessage
<LI><a href="#[b]">&gt;&gt;</a>&nbsp;&nbsp;&nbsp;SetTime
<LI><a href="#[a]">&gt;&gt;</a>&nbsp;&nbsp;&nbsp;SetDate
<LI><a href="#[92]">&gt;&gt;</a>&nbsp;&nbsp;&nbsp;DeleteLine
</UL>

<P><STRONG><a name="[dc]"></a>MainMenu</STRONG> (Thumb, 110 bytes, Stack size 16 bytes, uart2.o(i.MainMenu))
<BR><BR>[Stack]<UL><LI>Max Depth = 80<LI>Call Chain = MainMenu &rArr; API_USR_TransmitMessage &rArr; HAL_UART_Transmit &rArr; UART_WaitOnFlagUntilTimeout
</UL>
<BR>[Calls]<UL><LI><a href="#[7c]">&gt;&gt;</a>&nbsp;&nbsp;&nbsp;API_USR_TransmitMessage
<LI><a href="#[7d]">&gt;&gt;</a>&nbsp;&nbsp;&nbsp;__2snprintf
</UL>
<BR>[Called By]<UL><LI><a href="#[8]">&gt;&gt;</a>&nbsp;&nbsp;&nbsp;SelectTopMenuOnUart
<LI><a href="#[b]">&gt;&gt;</a>&nbsp;&nbsp;&nbsp;SetTime
<LI><a href="#[a]">&gt;&gt;</a>&nbsp;&nbsp;&nbsp;SetDate
</UL>

<P><STRONG><a name="[dd]"></a>PrereadColourSensorData</STRONG> (Thumb, 42 bytes, Stack size 8 bytes, appcolourdetect.o(i.PrereadColourSensorData))
<BR><BR>[Stack]<UL><LI>Max Depth = 192 + In Cycle
<LI>Call Chain = PrereadColourSensorData &rArr;  AutoCalibrateSensorGains (Cycle)
</UL>
<BR>[Calls]<UL><LI><a href="#[82]">&gt;&gt;</a>&nbsp;&nbsp;&nbsp;SetSensorGains
<LI><a href="#[df]">&gt;&gt;</a>&nbsp;&nbsp;&nbsp;SelectCapacitorAmount
<LI><a href="#[de]">&gt;&gt;</a>&nbsp;&nbsp;&nbsp;ReadColourSensorSetting
<LI><a href="#[7]">&gt;&gt;</a>&nbsp;&nbsp;&nbsp;AutoCalibrateSensorGains
<LI><a href="#[7c]">&gt;&gt;</a>&nbsp;&nbsp;&nbsp;API_USR_TransmitMessage
</UL>
<BR>[Called By]<UL><LI><a href="#[e]">&gt;&gt;</a>&nbsp;&nbsp;&nbsp;SelectColourSensorMenuOnUart
</UL>

<P><STRONG><a name="[a8]"></a>RTC_Bcd2ToByte</STRONG> (Thumb, 18 bytes, Stack size 0 bytes, stm32f3xx_hal_rtc.o(i.RTC_Bcd2ToByte))
<BR><BR>[Called By]<UL><LI><a href="#[b0]">&gt;&gt;</a>&nbsp;&nbsp;&nbsp;HAL_RTC_SetTime
<LI><a href="#[a9]">&gt;&gt;</a>&nbsp;&nbsp;&nbsp;HAL_RTC_GetTime
<LI><a href="#[a7]">&gt;&gt;</a>&nbsp;&nbsp;&nbsp;HAL_RTC_GetDate
</UL>

[...]
</UL>

<P><STRONG><a name="[105]"></a>__1snprintf</STRONG> (Thumb, 0 bytes, Stack size 32 bytes, printfa.o(i.__0snprintf), UNUSED)

<P><STRONG><a name="[7d]"></a>__2snprintf</STRONG> (Thumb, 0 bytes, Stack size 32 bytes, printfa.o(i.__0snprintf))
<BR><BR>[Stack]<UL><LI>Max Depth = 32<LI>Call Chain = __2snprintf
</UL>
<BR>[Called By]<UL><LI><a href="#[83]">&gt;&gt;</a>&nbsp;&nbsp;&nbsp;TrimOffset
<LI><a href="#[0]">&gt;&gt;</a>&nbsp;&nbsp;&nbsp;StartColourDetectionTest
<LI><a href="#[de]">&gt;&gt;</a>&nbsp;&nbsp;&nbsp;ReadColourSensorSetting
<LI><a href="#[91]">&gt;&gt;</a>&nbsp;&nbsp;&nbsp;ColourSensorMenu
<LI><a href="#[7]">&gt;&gt;</a>&nbsp;&nbsp;&nbsp;AutoCalibrateSensorGains
<LI><a href="#[7c]">&gt;&gt;</a>&nbsp;&nbsp;&nbsp;API_USR_TransmitMessage
<LI><a href="#[8b]">&gt;&gt;</a>&nbsp;&nbsp;&nbsp;_Error_Handler
<LI><a href="#[b]">&gt;&gt;</a>&nbsp;&nbsp;&nbsp;SetTime
<LI><a href="#[a]">&gt;&gt;</a>&nbsp;&nbsp;&nbsp;SetDate
<LI><a href="#[dc]">&gt;&gt;</a>&nbsp;&nbsp;&nbsp;MainMenu
</UL>

<P><STRONG><a name="[106]"></a>__c89snprintf</STRONG> (Thumb, 0 bytes, Stack size 32 bytes, printfa.o(i.__0snprintf), UNUSED)

<P><STRONG><a name="[107]"></a>snprintf</STRONG> (Thumb, 0 bytes, Stack size 32 bytes, printfa.o(i.__0snprintf), UNUSED)

<P><STRONG><a name="[108]"></a>__scatterload_copy</STRONG> (Thumb, 14 bytes, Stack size unknown bytes, handlers.o(i.__scatterload_copy), UNUSED)

<P><STRONG><a name="[109]"></a>__scatterload_null</STRONG> (Thumb, 2 bytes, Stack size unknown bytes, handlers.o(i.__scatterload_null), UNUSED)

<P><STRONG><a name="[10a]"></a>__scatterload_zeroinit</STRONG> (Thumb, 14 bytes, Stack size unknown bytes, handlers.o(i.__scatterload_zeroinit), UNUSED)

<P><STRONG><a name="[63]"></a>main</STRONG> (Thumb, 168 bytes, Stack size 64 bytes, main.o(i.main))
<BR><BR>[Stack]<UL><LI>Max Depth = 304<LI>Call Chain = main &rArr; MX_ADC3_Init &rArr; HAL_ADC_Init &rArr; HAL_ADC_MspInit &rArr; HAL_GPIO_Init
</UL>
<BR>[Calls]<UL><LI><a href="#[8]">&gt;&gt;</a>&nbsp;&nbsp;&nbsp;SelectTopMenuOnUart
<LI><a href="#[9c]">&gt;&gt;</a>&nbsp;&nbsp;&nbsp;HAL_Init
<LI><a href="#[7b]">&gt;&gt;</a>&nbsp;&nbsp;&nbsp;HAL_GetTick
<LI><a href="#[80]">&gt;&gt;</a>&nbsp;&nbsp;&nbsp;HAL_Delay
<LI><a href="#[88]">&gt;&gt;</a>&nbsp;&nbsp;&nbsp;BSP_PB_GetState
<LI><a href="#[85]">&gt;&gt;</a>&nbsp;&nbsp;&nbsp;BSP_LED_Init
<LI><a href="#[7c]">&gt;&gt;</a>&nbsp;&nbsp;&nbsp;API_USR_TransmitMessage
<LI><a href="#[e6]">&gt;&gt;</a>&nbsp;&nbsp;&nbsp;SystemClock_Config
<LI><a href="#[db]">&gt;&gt;</a>&nbsp;&nbsp;&nbsp;MX_USART3_UART_Init
<LI><a href="#[da]">&gt;&gt;</a>&nbsp;&nbsp;&nbsp;MX_USART2_UART_Init
<LI><a href="#[d9]">&gt;&gt;</a>&nbsp;&nbsp;&nbsp;MX_USART1_UART_Init
<LI><a href="#[d8]">&gt;&gt;</a>&nbsp;&nbsp;&nbsp;MX_UART5_Init
<LI><a href="#[d7]">&gt;&gt;</a>&nbsp;&nbsp;&nbsp;MX_UART4_Init
<LI><a href="#[d5]">&gt;&gt;</a>&nbsp;&nbsp;&nbsp;MX_TIM4_Init
<LI><a href="#[d4]">&gt;&gt;</a>&nbsp;&nbsp;&nbsp;MX_SPI2_Init
<LI><a href="#[d3]">&gt;&gt;</a>&nbsp;&nbsp;&nbsp;MX_RTC_Init
<LI><a href="#[d2]">&gt;&gt;</a>&nbsp;&nbsp;&nbsp;MX_I2C2_Init
<LI><a href="#[d1]">&gt;&gt;</a>&nbsp;&nbsp;&nbsp;MX_I2C1_Init
<LI><a href="#[d0]">&gt;&gt;</a>&nbsp;&nbsp;&nbsp;MX_GPIO_Init
<LI><a href="#[cf]">&gt;&gt;</a>&nbsp;&nbsp;&nbsp;MX_ADC4_Init
<LI><a href="#[ce]">&gt;&gt;</a>&nbsp;&nbsp;&nbsp;MX_ADC3_Init
<LI><a href="#[cd]">&gt;&gt;</a>&nbsp;&nbsp;&nbsp;MX_ADC2_Init
<LI><a href="#[ca]">&gt;&gt;</a>&nbsp;&nbsp;&nbsp;MX_ADC1_Init
<LI><a href="#[f3]">&gt;&gt;</a>&nbsp;&nbsp;&nbsp;__aeabi_memcpy4
</UL>
<BR>[Address Reference Count : 1]<UL><LI> entry9a.o(.ARM.Collect$$$$0000000B)
</UL><P>
<H3>
Local Symbols
</H3>
<P><STRONG><a name="[ca]"></a>MX_ADC1_Init</STRONG> (Thumb, 120 bytes, Stack size 48 bytes, main.o(i.MX_ADC1_Init))
<BR><BR>[Stack]<UL><LI>Max Depth = 240<LI>Call Chain = MX_ADC1_Init &rArr; HAL_ADC_Init &rArr; HAL_ADC_MspInit &rArr; HAL_GPIO_Init
</UL>
<BR>[Calls]<UL><LI><a href="#[cb]">&gt;&gt;</a>&nbsp;&nbsp;&nbsp;HAL_ADCEx_MultiModeConfigChannel
<LI><a href="#[8b]">&gt;&gt;</a>&nbsp;&nbsp;&nbsp;_Error_Handler
<LI><a href="#[93]">&gt;&gt;</a>&nbsp;&nbsp;&nbsp;HAL_ADC_Init
<LI><a href="#[cc]">&gt;&gt;</a>&nbsp;&nbsp;&nbsp;HAL_ADC_ConfigChannel
</UL>
<BR>[Called By]<UL><LI><a href="#[63]">&gt;&gt;</a>&nbsp;&nbsp;&nbsp;main
</UL>

<P><STRONG><a name="[cd]"></a>MX_ADC2_Init</STRONG> (Thumb, 96 bytes, Stack size 40 bytes, main.o(i.MX_ADC2_Init))
<BR><BR>[Stack]<UL><LI>Max Depth = 232<LI>Call Chain = MX_ADC2_Init &rArr; HAL_ADC_Init &rArr; HAL_ADC_MspInit &rArr; HAL_GPIO_Init
</UL>
<BR>[Calls]<UL><LI><a href="#[8b]">&gt;&gt;</a>&nbsp;&nbsp;&nbsp;_Error_Handler
<LI><a href="#[93]">&gt;&gt;</a>&nbsp;&nbsp;&nbsp;HAL_ADC_Init
<LI><a href="#[cc]">&gt;&gt;</a>&nbsp;&nbsp;&nbsp;HAL_ADC_ConfigChannel
</UL>
<BR>[Called By]<UL><LI><a href="#[63]">&gt;&gt;</a>&nbsp;&nbsp;&nbsp;main
</UL>

<P><STRONG><a name="[ce]"></a>MX_ADC3_Init</STRONG> (Thumb, 120 bytes, Stack size 48 bytes, main.o(i.MX_ADC3_Init))
<BR><BR>[Stack]<UL><LI>Max Depth = 240<LI>Call Chain = MX_ADC3_Init &rArr; HAL_ADC_Init &rArr; HAL_ADC_MspInit &rArr; HAL_GPIO_Init
</UL>
<BR>[Calls]<UL><LI><a href="#[cb]">&gt;&gt;</a>&nbsp;&nbsp;&nbsp;HAL_ADCEx_MultiModeConfigChannel
<LI><a href="#[8b]">&gt;&gt;</a>&nbsp;&nbsp;&nbsp;_Error_Handler
<LI><a href="#[93]">&gt;&gt;</a>&nbsp;&nbsp;&nbsp;HAL_ADC_Init
<LI><a href="#[cc]">&gt;&gt;</a>&nbsp;&nbsp;&nbsp;HAL_ADC_ConfigChannel
</UL>
<BR>[Called By]<UL><LI><a href="#[63]">&gt;&gt;</a>&nbsp;&nbsp;&nbsp;main
</UL>

<P><STRONG><a name="[cf]"></a>MX_ADC4_Init</STRONG> (Thumb, 98 bytes, Stack size 40 bytes, main.o(i.MX_ADC4_Init))
<BR><BR>[Stack]<UL><LI>Max Depth = 232<LI>Call Chain = MX_ADC4_Init &rArr; HAL_ADC_Init &rArr; HAL_ADC_MspInit &rArr; HAL_GPIO_Init
</UL>
<BR>[Calls]<UL><LI><a href="#[8b]">&gt;&gt;</a>&nbsp;&nbsp;&nbsp;_Error_Handler
<LI><a href="#[93]">&gt;&gt;</a>&nbsp;&nbsp;&nbsp;HAL_ADC_Init
<LI><a href="#[cc]">&gt;&gt;</a>&nbsp;&nbsp;&nbsp;HAL_ADC_ConfigChannel
</UL>
<BR>[Called By]<UL><LI><a href="#[63]">&gt;&gt;</a>&nbsp;&nbsp;&nbsp;main
</UL>

<P><STRONG><a name="[d0]"></a>MX_GPIO_Init</STRONG> (Thumb, 220 bytes, Stack size 56 bytes, main.o(i.MX_GPIO_Init))
<BR><BR>[Stack]<UL><LI>Max Depth = 96<LI>Call Chain = MX_GPIO_Init &rArr; HAL_GPIO_Init
</UL>
<BR>[Calls]<UL><LI><a href="#[87]">&gt;&gt;</a>&nbsp;&nbsp;&nbsp;HAL_GPIO_WritePin
<LI><a href="#[86]">&gt;&gt;</a>&nbsp;&nbsp;&nbsp;HAL_GPIO_Init
</UL>
<BR>[Called By]<UL><LI><a href="#[63]">&gt;&gt;</a>&nbsp;&nbsp;&nbsp;main
</UL>

<P><STRONG><a name="[d1]"></a>MX_I2C1_Init</STRONG> (Thumb, 94 bytes, Stack size 8 bytes, main.o(i.MX_I2C1_Init))
<BR><BR>[Stack]<UL><LI>Max Depth = 112<LI>Call Chain = MX_I2C1_Init &rArr; HAL_I2C_Init &rArr; HAL_I2C_MspInit &rArr; HAL_GPIO_Init
</UL>
<BR>[Calls]<UL><LI><a href="#[8c]">&gt;&gt;</a>&nbsp;&nbsp;&nbsp;HAL_I2C_Init
<LI><a href="#[8e]">&gt;&gt;</a>&nbsp;&nbsp;&nbsp;HAL_I2CEx_ConfigDigitalFilter
<LI><a href="#[8d]">&gt;&gt;</a>&nbsp;&nbsp;&nbsp;HAL_I2CEx_ConfigAnalogFilter
<LI><a href="#[8b]">&gt;&gt;</a>&nbsp;&nbsp;&nbsp;_Error_Handler
</UL>
<BR>[Called By]<UL><LI><a href="#[63]">&gt;&gt;</a>&nbsp;&nbsp;&nbsp;main
</UL>

<P><STRONG><a name="[d2]"></a>MX_I2C2_Init</STRONG> (Thumb, 94 bytes, Stack size 8 bytes, main.o(i.MX_I2C2_Init))
<BR><BR>[Stack]<UL><LI>Max Depth = 112<LI>Call Chain = MX_I2C2_Init &rArr; HAL_I2C_Init &rArr; HAL_I2C_MspInit &rArr; HAL_GPIO_Init
</UL>
<BR>[Calls]<UL><LI><a href="#[8c]">&gt;&gt;</a>&nbsp;&nbsp;&nbsp;HAL_I2C_Init
<LI><a href="#[8e]">&gt;&gt;</a>&nbsp;&nbsp;&nbsp;HAL_I2CEx_ConfigDigitalFilter
<LI><a href="#[8d]">&gt;&gt;</a>&nbsp;&nbsp;&nbsp;HAL_I2CEx_ConfigAnalogFilter
<LI><a href="#[8b]">&gt;&gt;</a>&nbsp;&nbsp;&nbsp;_Error_Handler
</UL>
<BR>[Called By]<UL><LI><a href="#[63]">&gt;&gt;</a>&nbsp;&nbsp;&nbsp;main
</UL>

<P><STRONG><a name="[d3]"></a>MX_RTC_Init</STRONG> (Thumb, 132 bytes, Stack size 32 bytes, main.o(i.MX_RTC_Init))
<BR><BR>[Stack]<UL><LI>Max Depth = 104<LI>Call Chain = MX_RTC_Init &rArr; _Error_Handler &rArr; API_USR_TransmitMessage &rArr; HAL_UART_Transmit &rArr; UART_WaitOnFlagUntilTimeout
</UL>
<BR>[Calls]<UL><LI><a href="#[b0]">&gt;&gt;</a>&nbsp;&nbsp;&nbsp;HAL_RTC_SetTime
<LI><a href="#[ae]">&gt;&gt;</a>&nbsp;&nbsp;&nbsp;HAL_RTC_SetDate
<LI><a href="#[aa]">&gt;&gt;</a>&nbsp;&nbsp;&nbsp;HAL_RTC_Init
<LI><a href="#[8b]">&gt;&gt;</a>&nbsp;&nbsp;&nbsp;_Error_Handler
</UL>
<BR>[Called By]<UL><LI><a href="#[63]">&gt;&gt;</a>&nbsp;&nbsp;&nbsp;main
</UL>

<P><STRONG><a name="[d4]"></a>MX_SPI2_Init</STRONG> (Thumb, 76 bytes, Stack size 8 bytes, main.o(i.MX_SPI2_Init))
<BR><BR>[Stack]<UL><LI>Max Depth = 104<LI>Call Chain = MX_SPI2_Init &rArr; HAL_SPI_Init &rArr; HAL_SPI_MspInit &rArr; HAL_GPIO_Init
</UL>
<BR>[Calls]<UL><LI><a href="#[b1]">&gt;&gt;</a>&nbsp;&nbsp;&nbsp;HAL_SPI_Init
<LI><a href="#[8b]">&gt;&gt;</a>&nbsp;&nbsp;&nbsp;_Error_Handler
</UL>
<BR>[Called By]<UL><LI><a href="#[63]">&gt;&gt;</a>&nbsp;&nbsp;&nbsp;main
</UL>

<P><STRONG><a name="[d5]"></a>MX_TIM4_Init</STRONG> (Thumb, 126 bytes, Stack size 48 bytes, main.o(i.MX_TIM4_Init))
<BR><BR>[Stack]<UL><LI>Max Depth = 120<LI>Call Chain = MX_TIM4_Init &rArr; _Error_Handler &rArr; API_USR_TransmitMessage &rArr; HAL_UART_Transmit &rArr; UART_WaitOnFlagUntilTimeout
</UL>
<BR>[Calls]<UL><LI><a href="#[be]">&gt;&gt;</a>&nbsp;&nbsp;&nbsp;HAL_TIM_PWM_Init
<LI><a href="#[b6]">&gt;&gt;</a>&nbsp;&nbsp;&nbsp;HAL_TIM_MspPostInit
<LI><a href="#[d6]">&gt;&gt;</a>&nbsp;&nbsp;&nbsp;HAL_TIMEx_MasterConfigSynchronization
<LI><a href="#[8b]">&gt;&gt;</a>&nbsp;&nbsp;&nbsp;_Error_Handler
<LI><a href="#[b7]">&gt;&gt;</a>&nbsp;&nbsp;&nbsp;HAL_TIM_PWM_ConfigChannel
</UL>
<BR>[Called By]<UL><LI><a href="#[63]">&gt;&gt;</a>&nbsp;&nbsp;&nbsp;main
</UL>

<P><STRONG><a name="[d7]"></a>MX_UART4_Init</STRONG> (Thumb, 58 bytes, Stack size 8 bytes, main.o(i.MX_UART4_Init))
<BR><BR>[Stack]<UL><LI>Max Depth = 104<LI>Call Chain = MX_UART4_Init &rArr; HAL_UART_Init &rArr; HAL_UART_MspInit &rArr; HAL_GPIO_Init
</UL>
<BR>[Calls]<UL><LI><a href="#[c1]">&gt;&gt;</a>&nbsp;&nbsp;&nbsp;HAL_UART_Init
<LI><a href="#[8b]">&gt;&gt;</a>&nbsp;&nbsp;&nbsp;_Error_Handler
</UL>
<BR>[Called By]<UL><LI><a href="#[63]">&gt;&gt;</a>&nbsp;&nbsp;&nbsp;main
</UL>

<P><STRONG><a name="[d8]"></a>MX_UART5_Init</STRONG> (Thumb, 58 bytes, Stack size 8 bytes, main.o(i.MX_UART5_Init))
<BR><BR>[Stack]<UL><LI>Max Depth = 104<LI>Call Chain = MX_UART5_Init &rArr; HAL_UART_Init &rArr; HAL_UART_MspInit &rArr; HAL_GPIO_Init
</UL>
<BR>[Calls]<UL><LI><a href="#[c1]">&gt;&gt;</a>&nbsp;&nbsp;&nbsp;HAL_UART_Init
<LI><a href="#[8b]">&gt;&gt;</a>&nbsp;&nbsp;&nbsp;_Error_Handler
</UL>
<BR>[Called By]<UL><LI><a href="#[63]">&gt;&gt;</a>&nbsp;&nbsp;&nbsp;main
</UL>

<P><STRONG><a name="[d9]"></a>MX_USART1_UART_Init</STRONG> (Thumb, 58 bytes, Stack size 8 bytes, main.o(i.MX_USART1_UART_Init))
<BR><BR>[Stack]<UL><LI>Max Depth = 104<LI>Call Chain = MX_USART1_UART_Init &rArr; HAL_UART_Init &rArr; HAL_UART_MspInit &rArr; HAL_GPIO_Init
</UL>
<BR>[Calls]<UL><LI><a href="#[c1]">&gt;&gt;</a>&nbsp;&nbsp;&nbsp;HAL_UART_Init
<LI><a href="#[8b]">&gt;&gt;</a>&nbsp;&nbsp;&nbsp;_Error_Handler
</UL>
<BR>[Called By]<UL><LI><a href="#[63]">&gt;&gt;</a>&nbsp;&nbsp;&nbsp;main
</UL>

<P><STRONG><a name="[da]"></a>MX_USART2_UART_Init</STRONG> (Thumb, 58 bytes, Stack size 8 bytes, main.o(i.MX_USART2_UART_Init))
<BR><BR>[Stack]<UL><LI>Max Depth = 104<LI>Call Chain = MX_USART2_UART_Init &rArr; HAL_UART_Init &rArr; HAL_UART_MspInit &rArr; HAL_GPIO_Init
</UL>
<BR>[Calls]<UL><LI><a href="#[c1]">&gt;&gt;</a>&nbsp;&nbsp;&nbsp;HAL_UART_Init
<LI><a href="#[8b]">&gt;&gt;</a>&nbsp;&nbsp;&nbsp;_Error_Handler
</UL>
<BR>[Called By]<UL><LI><a href="#[63]">&gt;&gt;</a>&nbsp;&nbsp;&nbsp;main
</UL>

<P><STRONG><a name="[db]"></a>MX_USART3_UART_Init</STRONG> (Thumb, 58 bytes, Stack size 8 bytes, main.o(i.MX_USART3_UART_Init))
<BR><BR>[Stack]<UL><LI>Max Depth = 104<LI>Call Chain = MX_USART3_UART_Init &rArr; HAL_UART_Init &rArr; HAL_UART_MspInit &rArr; HAL_GPIO_Init
</UL>
<BR>[Calls]<UL><LI><a href="#[c1]">&gt;&gt;</a>&nbsp;&nbsp;&nbsp;HAL_UART_Init
<LI><a href="#[8b]">&gt;&gt;</a>&nbsp;&nbsp;&nbsp;_Error_Handler
</UL>
<BR>[Called By]<UL><LI><a href="#[63]">&gt;&gt;</a>&nbsp;&nbsp;&nbsp;main
</UL>

<P><STRONG><a name="[7a]"></a>ADC_Disable</STRONG> (Thumb, 98 bytes, Stack size 16 bytes, stm32f3xx_hal_adc_ex.o(i.ADC_Disable))
<BR><BR>[Stack]<UL><LI>Max Depth = 16<LI>Call Chain = ADC_Disable
</UL>
<BR>[Calls]<UL><LI><a href="#[7b]">&gt;&gt;</a>&nbsp;&nbsp;&nbsp;HAL_GetTick
</UL>
<BR>[Called By]<UL><LI><a href="#[93]">&gt;&gt;</a>&nbsp;&nbsp;&nbsp;HAL_ADC_Init
</UL>

<P><STRONG><a name="[c9]"></a>I2C_Flush_TXDR</STRONG> (Thumb, 34 bytes, Stack size 0 bytes, stm32f3xx_hal_i2c.o(i.I2C_Flush_TXDR))
<BR><BR>[Called By]<UL><LI><a href="#[c8]">&gt;&gt;</a>&nbsp;&nbsp;&nbsp;I2C_IsAcknowledgeFailed
</UL>

<P><STRONG><a name="[c8]"></a>I2C_IsAcknowledgeFailed</STRONG> (Thumb, 118 bytes, Stack size 24 bytes, stm32f3xx_hal_i2c.o(i.I2C_IsAcknowledgeFailed))
<BR><BR>[Stack]<UL><LI>Max Depth = 24<LI>Call Chain = I2C_IsAcknowledgeFailed
</UL>
<BR>[Calls]<UL><LI><a href="#[7b]">&gt;&gt;</a>&nbsp;&nbsp;&nbsp;HAL_GetTick
<LI><a href="#[c9]">&gt;&gt;</a>&nbsp;&nbsp;&nbsp;I2C_Flush_TXDR
</UL>
<BR>[Called By]<UL><LI><a href="#[9b]">&gt;&gt;</a>&nbsp;&nbsp;&nbsp;I2C_WaitOnTXISFlagUntilTimeout
<LI><a href="#[99]">&gt;&gt;</a>&nbsp;&nbsp;&nbsp;I2C_WaitOnSTOPFlagUntilTimeout
</UL>

<P><STRONG><a name="[97]"></a>I2C_RequestMemoryRead</STRONG> (Thumb, 108 bytes, Stack size 32 bytes, stm32f3xx_hal_i2c.o(i.I2C_RequestMemoryRead))
<BR><BR>[Stack]<UL><LI>Max Depth = 72<LI>Call Chain = I2C_RequestMemoryRead &rArr; I2C_WaitOnTXISFlagUntilTimeout &rArr; I2C_IsAcknowledgeFailed
</UL>
<BR>[Calls]<UL><LI><a href="#[9b]">&gt;&gt;</a>&nbsp;&nbsp;&nbsp;I2C_WaitOnTXISFlagUntilTimeout
<LI><a href="#[96]">&gt;&gt;</a>&nbsp;&nbsp;&nbsp;I2C_WaitOnFlagUntilTimeout
<LI><a href="#[98]">&gt;&gt;</a>&nbsp;&nbsp;&nbsp;I2C_TransferConfig
</UL>
<BR>[Called By]<UL><LI><a href="#[8f]">&gt;&gt;</a>&nbsp;&nbsp;&nbsp;HAL_I2C_Mem_Read
</UL>

<P><STRONG><a name="[9a]"></a>I2C_RequestMemoryWrite</STRONG> (Thumb, 108 bytes, Stack size 32 bytes, stm32f3xx_hal_i2c.o(i.I2C_RequestMemoryWrite))
<BR><BR>[Stack]<UL><LI>Max Depth = 72<LI>Call Chain = I2C_RequestMemoryWrite &rArr; I2C_WaitOnTXISFlagUntilTimeout &rArr; I2C_IsAcknowledgeFailed
</UL>
<BR>[Calls]<UL><LI><a href="#[9b]">&gt;&gt;</a>&nbsp;&nbsp;&nbsp;I2C_WaitOnTXISFlagUntilTimeout
<LI><a href="#[96]">&gt;&gt;</a>&nbsp;&nbsp;&nbsp;I2C_WaitOnFlagUntilTimeout
<LI><a href="#[98]">&gt;&gt;</a>&nbsp;&nbsp;&nbsp;I2C_TransferConfig
</UL>
<BR>[Called By]<UL><LI><a href="#[8a]">&gt;&gt;</a>&nbsp;&nbsp;&nbsp;HAL_I2C_Mem_Write
</UL>

<P><STRONG><a name="[98]"></a>I2C_TransferConfig</STRONG> (Thumb, 40 bytes, Stack size 20 bytes, stm32f3xx_hal_i2c.o(i.I2C_TransferConfig))
<BR><BR>[Stack]<UL><LI>Max Depth = 20<LI>Call Chain = I2C_TransferConfig
</UL>
<BR>[Called By]<UL><LI><a href="#[8a]">&gt;&gt;</a>&nbsp;&nbsp;&nbsp;HAL_I2C_Mem_Write
<LI><a href="#[8f]">&gt;&gt;</a>&nbsp;&nbsp;&nbsp;HAL_I2C_Mem_Read
<LI><a href="#[9a]">&gt;&gt;</a>&nbsp;&nbsp;&nbsp;I2C_RequestMemoryWrite
<LI><a href="#[97]">&gt;&gt;</a>&nbsp;&nbsp;&nbsp;I2C_RequestMemoryRead
</UL>

<P><STRONG><a name="[96]"></a>I2C_WaitOnFlagUntilTimeout</STRONG> (Thumb, 82 bytes, Stack size 24 bytes, stm32f3xx_hal_i2c.o(i.I2C_WaitOnFlagUntilTimeout))
<BR><BR>[Stack]<UL><LI>Max Depth = 24<LI>Call Chain = I2C_WaitOnFlagUntilTimeout
</UL>
<BR>[Calls]<UL><LI><a href="#[7b]">&gt;&gt;</a>&nbsp;&nbsp;&nbsp;HAL_GetTick
</UL>
<BR>[Called By]<UL><LI><a href="#[8a]">&gt;&gt;</a>&nbsp;&nbsp;&nbsp;HAL_I2C_Mem_Write
<LI><a href="#[8f]">&gt;&gt;</a>&nbsp;&nbsp;&nbsp;HAL_I2C_Mem_Read
<LI><a href="#[9a]">&gt;&gt;</a>&nbsp;&nbsp;&nbsp;I2C_RequestMemoryWrite
<LI><a href="#[97]">&gt;&gt;</a>&nbsp;&nbsp;&nbsp;I2C_RequestMemoryRead
</UL>

<P><STRONG><a name="[99]"></a>I2C_WaitOnSTOPFlagUntilTimeout</STRONG> (Thumb, 78 bytes, Stack size 16 bytes, stm32f3xx_hal_i2c.o(i.I2C_WaitOnSTOPFlagUntilTimeout))
<BR><BR>[Stack]<UL><LI>Max Depth = 40<LI>Call Chain = I2C_WaitOnSTOPFlagUntilTimeout &rArr; I2C_IsAcknowledgeFailed
</UL>
<BR>[Calls]<UL><LI><a href="#[7b]">&gt;&gt;</a>&nbsp;&nbsp;&nbsp;HAL_GetTick
<LI><a href="#[c8]">&gt;&gt;</a>&nbsp;&nbsp;&nbsp;I2C_IsAcknowledgeFailed
</UL>
<BR>[Called By]<UL><LI><a href="#[8a]">&gt;&gt;</a>&nbsp;&nbsp;&nbsp;HAL_I2C_Mem_Write
<LI><a href="#[8f]">&gt;&gt;</a>&nbsp;&nbsp;&nbsp;HAL_I2C_Mem_Read
</UL>

<P><STRONG><a name="[9b]"></a>I2C_WaitOnTXISFlagUntilTimeout</STRONG> (Thumb, 82 bytes, Stack size 16 bytes, stm32f3xx_hal_i2c.o(i.I2C_WaitOnTXISFlagUntilTimeout))
<BR><BR>[Stack]<UL><LI>Max Depth = 40<LI>Call Chain = I2C_WaitOnTXISFlagUntilTimeout &rArr; I2C_IsAcknowledgeFailed
</UL>
<BR>[Calls]<UL><LI><a href="#[7b]">&gt;&gt;</a>&nbsp;&nbsp;&nbsp;HAL_GetTick
<LI><a href="#[c8]">&gt;&gt;</a>&nbsp;&nbsp;&nbsp;I2C_IsAcknowledgeFailed
</UL>
<BR>[Called By]<UL><LI><a href="#[8a]">&gt;&gt;</a>&nbsp;&nbsp;&nbsp;HAL_I2C_Mem_Write
<LI><a href="#[9a]">&gt;&gt;</a>&nbsp;&nbsp;&nbsp;I2C_RequestMemoryWrite
<LI><a href="#[97]">&gt;&gt;</a>&nbsp;&nbsp;&nbsp;I2C_RequestMemoryRead
</UL>

<P><STRONG><a name="[bc]"></a>TIM_OC5_SetConfig</STRONG> (Thumb, 92 bytes, Stack size 12 bytes, stm32f3xx_hal_tim_ex.o(i.TIM_OC5_SetConfig))
<BR><BR>[Stack]<UL><LI>Max Depth = 12<LI>Call Chain = TIM_OC5_SetConfig
</UL>
<BR>[Called By]<UL><LI><a href="#[b7]">&gt;&gt;</a>&nbsp;&nbsp;&nbsp;HAL_TIM_PWM_ConfigChannel
</UL>

<P><STRONG><a name="[bd]"></a>TIM_OC6_SetConfig</STRONG> (Thumb, 94 bytes, Stack size 12 bytes, stm32f3xx_hal_tim_ex.o(i.TIM_OC6_SetConfig))
<BR><BR>[Stack]<UL><LI>Max Depth = 12<LI>Call Chain = TIM_OC6_SetConfig
</UL>
<BR>[Called By]<UL><LI><a href="#[b7]">&gt;&gt;</a>&nbsp;&nbsp;&nbsp;HAL_TIM_PWM_ConfigChannel
</UL>

<P><STRONG><a name="[a2]"></a>NVIC_SetPriority</STRONG> (Thumb, 32 bytes, Stack size 0 bytes, stm32f3xx_hal_cortex.o(i.NVIC_SetPriority))
<BR><BR>[Called By]<UL><LI><a href="#[a0]">&gt;&gt;</a>&nbsp;&nbsp;&nbsp;HAL_SYSTICK_Config
<LI><a href="#[a1]">&gt;&gt;</a>&nbsp;&nbsp;&nbsp;HAL_NVIC_SetPriority
</UL>

<P><STRONG><a name="[ee]"></a>_fp_digits</STRONG> (Thumb, 366 bytes, Stack size 64 bytes, printfa.o(i._fp_digits), UNUSED)
<BR><BR>[Calls]<UL><LI><a href="#[71]">&gt;&gt;</a>&nbsp;&nbsp;&nbsp;__aeabi_ddiv
<LI><a href="#[75]">&gt;&gt;</a>&nbsp;&nbsp;&nbsp;__aeabi_uldivmod
<LI><a href="#[77]">&gt;&gt;</a>&nbsp;&nbsp;&nbsp;__aeabi_dmul
<LI><a href="#[6a]">&gt;&gt;</a>&nbsp;&nbsp;&nbsp;__aeabi_dadd
<LI><a href="#[78]">&gt;&gt;</a>&nbsp;&nbsp;&nbsp;__aeabi_d2ulz
<LI><a href="#[ef]">&gt;&gt;</a>&nbsp;&nbsp;&nbsp;__aeabi_cdrcmple
</UL>
<BR>[Called By]<UL><LI><a href="#[ed]">&gt;&gt;</a>&nbsp;&nbsp;&nbsp;_printf_core
</UL>

<P><STRONG><a name="[ed]"></a>_printf_core</STRONG> (Thumb, 1744 bytes, Stack size 136 bytes, printfa.o(i._printf_core), UNUSED)
<BR><BR>[Calls]<UL><LI><a href="#[75]">&gt;&gt;</a>&nbsp;&nbsp;&nbsp;__aeabi_uldivmod
<LI><a href="#[f2]">&gt;&gt;</a>&nbsp;&nbsp;&nbsp;__aeabi_uidivmod
<LI><a href="#[f0]">&gt;&gt;</a>&nbsp;&nbsp;&nbsp;_printf_pre_padding
<LI><a href="#[f1]">&gt;&gt;</a>&nbsp;&nbsp;&nbsp;_printf_post_padding
<LI><a href="#[ee]">&gt;&gt;</a>&nbsp;&nbsp;&nbsp;_fp_digits
</UL>
<BR>[Called By]<UL><LI><a href="#[ec]">&gt;&gt;</a>&nbsp;&nbsp;&nbsp;__0snprintf
</UL>

<P><STRONG><a name="[f1]"></a>_printf_post_padding</STRONG> (Thumb, 36 bytes, Stack size 24 bytes, printfa.o(i._printf_post_padding), UNUSED)
<BR><BR>[Called By]<UL><LI><a href="#[ed]">&gt;&gt;</a>&nbsp;&nbsp;&nbsp;_printf_core
</UL>

<P><STRONG><a name="[f0]"></a>_printf_pre_padding</STRONG> (Thumb, 46 bytes, Stack size 24 bytes, printfa.o(i._printf_pre_padding), UNUSED)
<BR><BR>[Called By]<UL><LI><a href="#[ed]">&gt;&gt;</a>&nbsp;&nbsp;&nbsp;_printf_core
</UL>

<P><STRONG><a name="[66]"></a>_snputc</STRONG> (Thumb, 22 bytes, Stack size 0 bytes, printfa.o(i._snputc))
<BR>[Address Reference Count : 1]<UL><LI> printfa.o(i.__0snprintf)
</UL><P>
<H3>
Undefined Global Symbols
</H3><HR></body></html>
